2026-09-07 10:25:25,955 DEBUG    root            Loaded Command Group: ['gcloud', 'auth']
2026-09-07 10:25:26,492 DEBUG    root            Loaded Command Group: ['gcloud', 'auth', 'login']
2026-09-07 10:25:26,508 DEBUG    root            Running [gcloud.auth.login] with arguments: []
2026-09-07 10:25:26,510 DEBUG    root            On GCE from disk cache: False
2026-09-07 10:25:27,524 DEBUG    root            On GCE from memory cache: False
2026-09-07 10:25:27,529 DEBUG    requests_oauthlib.oauth2_session Generated new state BkpOLDdsCc7fZIYYtndEj3IdhvMoY8.
2026-09-07 10:25:27,531 INFO     ___FILE_ONLY___ Go to the following link in your browser, and complete the sign-in prompts:

    https://accounts.google.com/o/oauth2/auth?response_type=code&client_id=32555940559.apps.googleusercontent.com&redirect_uri=https%3A%2F%2Fsdk.cloud.google.com%2Fauthcode.html&scope=openid+https%3A%2F%2Fwww.googleapis.com%2Fauth%2Fuserinfo.email+https%3A%2F%2Fwww.googleapis.com%2Fauth%2Fcloud-platform+https%3A%2F%2Fwww.googleapis.com%2Fauth%2Fappengine.admin+https%3A%2F%2Fwww.googleapis.com%2Fauth%2Fsqlservice.login+https%3A%2F%2Fwww.googleapis.com%2Fauth%2Fcompute+https%3A%2F%2Fwww.googleapis.com%2Fauth%2Faccounts.reauth&state=BkpOLDdsCc7fZIYYtndEj3IdhvMoY8&prompt=consent&token_usage=remote&access_type=offline&code_challenge=1IhTzpmb4_p4Vq3VYwEweP0rp9OVaSR5ny90wo_SGWk&code_challenge_method=S256


2026-09-07 10:28:29,880 DEBUG    requests_oauthlib.oauth2_session Requesting url https://oauth2.googleapis.com/token using method POST.
2026-09-07 10:28:29,886 DEBUG    requests_oauthlib.oauth2_session Supplying headers {b'Accept': b'application/json', b'Content-Type': b'application/x-www-form-urlencoded;charset=UTF-8', b'user-agent': b'google-cloud-sdk gcloud/583.0.0 command/gcloud.auth.login invocation-id/502a7d73c42f4d08972d0525853a377d environment/None environment-version/None client-os/None client-os-ver/None client-pltf-arch/None interactive/True from-script/False python/3.14.6 term/xterm-256color  ()'} and data {'grant_type': 'authorization_code', 'client_id': '32555940559.apps.googleusercontent.com', 'client_secret': 'ZmssLNjJy2998hD4CTg2ejr2', 'code': '4/0ATsMZqAU6rWQS7Q10DFXW0rlMtScNkOGrKc8ZMCc1LNe8RHUZXTJK5Cz4-v6PlQzuVHFxQ', 'redirect_uri': 'https://sdk.cloud.google.com/authcode.html', 'code_verifier': 'QLIiEVUX4e.4n5xIgsLOEJPuI-z-_t1T4Bny_zb1pGIQhG.boNlaWfGGYGNWBKfBKv1iZzrceJcfT7BdwtjIcTJ4GczAzuPNj9eAmFHvr-GiMH-LanVRO6iQXIoyno_7'}
2026-09-07 10:28:29,888 DEBUG    requests_oauthlib.oauth2_session Passing through key word arguments {'json': None, 'timeout': None, 'auth': None, 'verify': None, 'proxies': None}.
2026-09-07 10:28:29,899 DEBUG    urllib3.connectionpool Starting new HTTPS connection (1): oauth2.googleapis.com:443
2026-09-07 10:28:30,842 DEBUG    urllib3.connectionpool https://oauth2.googleapis.com:443 "POST /token HTTP/1.1" 200 None
2026-09-07 10:28:30,848 DEBUG    requests_oauthlib.oauth2_session Prepared fetch token request body grant_type=authorization_code&client_id=32555940559.apps.googleusercontent.com&client_secret=ZmssLNjJy2998hD4CTg2ejr2&code=4%2F0ATsMZqAU6rWQS7Q10DFXW0rlMtScNkOGrKc8ZMCc1LNe8RHUZXTJK5Cz4-v6PlQzuVHFxQ&redirect_uri=https%3A%2F%2Fsdk.cloud.google.com%2Fauthcode.html&code_verifier=QLIiEVUX4e.4n5xIgsLOEJPuI-z-_t1T4Bny_zb1pGIQhG.boNlaWfGGYGNWBKfBKv1iZzrceJcfT7BdwtjIcTJ4GczAzuPNj9eAmFHvr-GiMH-LanVRO6iQXIoyno_7
2026-09-07 10:28:30,849 DEBUG    requests_oauthlib.oauth2_session Request to fetch token completed with status 200.
2026-09-07 10:28:30,851 DEBUG    requests_oauthlib.oauth2_session Request headers were {'user-agent': b'google-cloud-sdk gcloud/583.0.0 command/gcloud.auth.login invocation-id/502a7d73c42f4d08972d0525853a377d environment/None environment-version/None client-os/None client-os-ver/None client-pltf-arch/None interactive/True from-script/False python/3.14.6 term/xterm-256color  ()', 'Accept-Encoding': 'gzip, deflate, zstd', 'Accept': b'application/json', 'Connection': 'keep-alive', 'Content-Type': b'application/x-www-form-urlencoded;charset=UTF-8', 'Content-Length': '405'}
2026-09-07 10:28:30,852 DEBUG    requests_oauthlib.oauth2_session Request body was grant_type=authorization_code&client_id=32555940559.apps.googleusercontent.com&client_secret=ZmssLNjJy2998hD4CTg2ejr2&code=4%2F0ATsMZqAU6rWQS7Q10DFXW0rlMtScNkOGrKc8ZMCc1LNe8RHUZXTJK5Cz4-v6PlQzuVHFxQ&redirect_uri=https%3A%2F%2Fsdk.cloud.google.com%2Fauthcode.html&code_verifier=QLIiEVUX4e.4n5xIgsLOEJPuI-z-_t1T4Bny_zb1pGIQhG.boNlaWfGGYGNWBKfBKv1iZzrceJcfT7BdwtjIcTJ4GczAzuPNj9eAmFHvr-GiMH-LanVRO6iQXIoyno_7
2026-09-07 10:28:30,853 DEBUG    requests_oauthlib.oauth2_session Response headers were {'Pragma': 'no-cache', 'Cache-Control': 'no-cache, no-store, max-age=0, must-revalidate', 'Expires': 'Mon, 01 Jan 1990 00:00:00 GMT', 'Date': 'Mon, 07 Sep 2026 04:58:30 GMT', 'Content-Type': 'application/json; charset=utf-8', 'Vary': 'Origin, X-Origin, Referer', 'Content-Encoding': 'gzip', 'Server': 'scaffolding on HTTPServer2', 'X-XSS-Protection': '0', 'X-Frame-Options': 'SAMEORIGIN', 'X-Content-Type-Options': 'nosniff', 'Alt-Svc': 'h3=":443"; ma=2592000,h3-29=":443"; ma=2592000', 'Transfer-Encoding': 'chunked'} and content {
  "access_token": "ya29.a0AdMD6Ei2bnT3ncc3czunp8a-adcm4Fdtuyk7eLtoOCljya2h35TRanFTgZtKNI0EqOOJINHwWFQmE2AgT_f1dMxlB6NCpXiNMjfC4Q3GhRqAvr08UFh9taVENdp8rxKPCzDDKjHquRUUytXhkGGHlKE1yYcGWpve7Ii28H9WtRTJm1B37V02_Jk3J-8fxmjP5DaEnv5HHtQuaCgYKAQgSARESFQHGX2Mi2vkvLb0HUHAEIwrSowGNfg0211",
  "expires_in": 3599,
  "refresh_token": "1//0gzL93lBO892KCgYIARAAGBASNwF-L9Irl00FQbPy0hdsuRACPMnT0CshJuT2t5XjcxGkK7YiI_uwFHmrPU3YIQH0l91vKQWUVNg",
  "scope": "https://www.googleapis.com/auth/accounts.reauth https://www.googleapis.com/auth/appengine.admin https://www.googleapis.com/auth/sqlservice.login https://www.googleapis.com/auth/userinfo.email openid https://www.googleapis.com/auth/cloud-platform https://www.googleapis.com/auth/compute",
  "token_type": "Bearer",
  "id_token": "eyJhbGciOiJSUzI1NiIsImtpZCI6ImYxMGY4NzQwNWE5NzljMWRmMzZkZjI2NjA2NzM0ZjMzY2Q4NWMyNzEiLCJ0eXAiOiJKV1QifQ.eyJpc3MiOiJodHRwczovL2FjY291bnRzLmdvb2dsZS5jb20iLCJhenAiOiIzMjU1NTk0MDU1OS5hcHBzLmdvb2dsZXVzZXJjb250ZW50LmNvbSIsImF1ZCI6IjMyNTU1OTQwNTU5LmFwcHMuZ29vZ2xldXNlcmNvbnRlbnQuY29tIiwic3ViIjoiMTAzNjk0NTg5NTI0OTM5NTIyMTU4IiwiZW1haWwiOiJzYWtzaGFtYmhhbmRha2FrYXIyMDA3MjdAZ21haWwuY29tIiwiZW1haWxfdmVyaWZpZWQiOnRydWUsImF0X2hhc2giOiJmWG5ocFBlNFRUQ2lTRFJiSFhPaXh3IiwiaWF0IjoxNzg4NzU3MTEwLCJleHAiOjE3ODg3NjA3MTB9.pKvBGC0xH-VXXbhxrwooBZ6AtCMi4ofo57K4cgrf8ZWcMgmgGXCtXK5A0tmpatPUnDXvGydTmkzcVI9YMqxmQAznN5RUzvYkzCmazEs4gwnqR03_0b2eF9mdU5z2V_MAODGa6z5UmL2X6b8_gGyVqUyDeb4JXpzGSgjXvigd3Lkl9vfXg1E_3eCRRcuVmBgIwl9SwYbxJ3ghQyJ-4C0e-jDUGckapc9Zfw7wKZ7f44-Y26qinLEzdTacEozkInV5F6tlV_fhntzgGFa1hi9XhODwX-b7bhKPV1wHLtLeqZxIOhOUlzEuoTSOlRQyE7U3VBgXmGXJBBloG0tmNWS9hA"
}.
2026-09-07 10:28:30,853 DEBUG    requests_oauthlib.oauth2_session Invoking 0 token response hooks.
2026-09-07 10:28:30,854 DEBUG    requests_oauthlib.oauth2_session Obtained token {'access_token': 'ya29.a0AdMD6Ei2bnT3ncc3czunp8a-adcm4Fdtuyk7eLtoOCljya2h35TRanFTgZtKNI0EqOOJINHwWFQmE2AgT_f1dMxlB6NCpXiNMjfC4Q3GhRqAvr08UFh9taVENdp8rxKPCzDDKjHquRUUytXhkGGHlKE1yYcGWpve7Ii28H9WtRTJm1B37V02_Jk3J-8fxmjP5DaEnv5HHtQuaCgYKAQgSARESFQHGX2Mi2vkvLb0HUHAEIwrSowGNfg0211', 'expires_in': 3599, 'refresh_token': '1//0gzL93lBO892KCgYIARAAGBASNwF-L9Irl00FQbPy0hdsuRACPMnT0CshJuT2t5XjcxGkK7YiI_uwFHmrPU3YIQH0l91vKQWUVNg', 'scope': ['https://www.googleapis.com/auth/accounts.reauth', 'https://www.googleapis.com/auth/appengine.admin', 'https://www.googleapis.com/auth/sqlservice.login', 'https://www.googleapis.com/auth/userinfo.email', 'openid', 'https://www.googleapis.com/auth/cloud-platform', 'https://www.googleapis.com/auth/compute'], 'token_type': 'Bearer', 'id_token': 'eyJhbGciOiJSUzI1NiIsImtpZCI6ImYxMGY4NzQwNWE5NzljMWRmMzZkZjI2NjA2NzM0ZjMzY2Q4NWMyNzEiLCJ0eXAiOiJKV1QifQ.eyJpc3MiOiJodHRwczovL2FjY291bnRzLmdvb2dsZS5jb20iLCJhenAiOiIzMjU1NTk0MDU1OS5hcHBzLmdvb2dsZXVzZXJjb250ZW50LmNvbSIsImF1ZCI6IjMyNTU1OTQwNTU5LmFwcHMuZ29vZ2xldXNlcmNvbnRlbnQuY29tIiwic3ViIjoiMTAzNjk0NTg5NTI0OTM5NTIyMTU4IiwiZW1haWwiOiJzYWtzaGFtYmhhbmRha2FrYXIyMDA3MjdAZ21haWwuY29tIiwiZW1haWxfdmVyaWZpZWQiOnRydWUsImF0X2hhc2giOiJmWG5ocFBlNFRUQ2lTRFJiSFhPaXh3IiwiaWF0IjoxNzg4NzU3MTEwLCJleHAiOjE3ODg3NjA3MTB9.pKvBGC0xH-VXXbhxrwooBZ6AtCMi4ofo57K4cgrf8ZWcMgmgGXCtXK5A0tmpatPUnDXvGydTmkzcVI9YMqxmQAznN5RUzvYkzCmazEs4gwnqR03_0b2eF9mdU5z2V_MAODGa6z5UmL2X6b8_gGyVqUyDeb4JXpzGSgjXvigd3Lkl9vfXg1E_3eCRRcuVmBgIwl9SwYbxJ3ghQyJ-4C0e-jDUGckapc9Zfw7wKZ7f44-Y26qinLEzdTacEozkInV5F6tlV_fhntzgGFa1hi9XhODwX-b7bhKPV1wHLtLeqZxIOhOUlzEuoTSOlRQyE7U3VBgXmGXJBBloG0tmNWS9hA', 'expires_at': 1788760709.854367}.
2026-09-07 10:28:30,988 INFO     ___FILE_ONLY___ 
You are now logged in as [sakshambhandakakar200727@gmail.com].
Your current project is [None].  You can change this setting by running:
  $ gcloud config set project PROJECT_ID

2026-09-07 10:28:30,990 DEBUG    root            Chosen display Format:none
2026-09-07 10:28:30,991 INFO     root            Display format: "none"
2026-09-07 10:28:31,193 DEBUG    root            Checking for updates...
2026-09-07 10:28:31,209 DEBUG    root            On GCE from memory cache: False
2026-09-07 10:28:31,228 DEBUG    root            On GCE from memory cache: False
2026-09-07 10:28:31,239 DEBUG    urllib3.connectionpool Starting new HTTPS connection (1): dl.google.com:443
2026-09-07 10:28:31,959 DEBUG    urllib3.connectionpool https://dl.google.com:443 "GET /dl/cloudsdk/channels/rapid/components-2.json HTTP/1.1" 200 27641
2026-09-07 10:28:32,125 DEBUG    root            Updating notification cache...
