2026-09-07 10:30:27,405 DEBUG    root            Loaded Command Group: ['gcloud', 'projects']
2026-09-07 10:30:27,471 DEBUG    root            Loaded Command Group: ['gcloud', 'projects', 'create']
2026-09-07 10:30:27,476 DEBUG    root            On GCE from disk cache: False
2026-09-07 10:30:27,490 DEBUG    root            Running [gcloud.projects.create] with arguments: [--name: "My YouTube App", PROJECT_ID: "my-yt-app-project"]
2026-09-07 10:30:27,585 DEBUG    root            On GCE from memory cache: False
2026-09-07 10:30:27,663 DEBUG    urllib3.connectionpool Starting new HTTPS connection (1): cloudresourcemanager.googleapis.com:443
2026-09-07 10:30:29,373 DEBUG    urllib3.connectionpool https://cloudresourcemanager.googleapis.com:443 "POST /v1/projects?alt=json HTTP/1.1" 409 None
2026-09-07 10:30:29,391 DEBUG    root            (gcloud.projects.create) Project creation failed. The project ID you specified is already in use by another project. Please try an alternative ID.
Traceback (most recent call last):
  File "/data/data/com.termux/files/home/google-cloud-sdk/lib/surface/projects/create.py", line 151, in Run
    create_op = projects_api.Create(
        project_ref,
    ...<3 lines>...
        labels=labels,
        tags=tags)
  File "/data/data/com.termux/files/home/google-cloud-sdk/lib/googlecloudsdk/api_lib/cloudresourcemanager/projects_api.py", line 153, in Create
    return client.projects.Create(
           ~~~~~~~~~~~~~~~~~~~~~~^
        messages.Project(
        ^^^^^^^^^^^^^^^^^
    ...<3 lines>...
            labels=labels,
            ^^^^^^^^^^^^^^
            tags=tags))
            ^^^^^^^^^^^
  File "/data/data/com.termux/files/home/google-cloud-sdk/lib/googlecloudsdk/generated_clients/apis/cloudresourcemanager/v1/cloudresourcemanager_v1_client.py", line 704, in Create
    return self._RunMethod(
           ~~~~~~~~~~~~~~~^
        config, request, global_params=global_params)
        ^^^^^^^^^^^^^^^^^^^^^^^^^^^^^^^^^^^^^^^^^^^^^
  File "/data/data/com.termux/files/home/google-cloud-sdk/lib/third_party/apitools/base/py/base_api.py", line 747, in _RunMethod
    return self.ProcessHttpResponse(method_config, http_response, request)
           ~~~~~~~~~~~~~~~~~~~~~~~~^^^^^^^^^^^^^^^^^^^^^^^^^^^^^^^^^^^^^^^
  File "/data/data/com.termux/files/home/google-cloud-sdk/lib/third_party/apitools/base/py/base_api.py", line 753, in ProcessHttpResponse
    self.__ProcessHttpResponse(method_config, http_response, request))
    ~~~~~~~~~~~~~~~~~~~~~~~~~~^^^^^^^^^^^^^^^^^^^^^^^^^^^^^^^^^^^^^^^
  File "/data/data/com.termux/files/home/google-cloud-sdk/lib/third_party/apitools/base/py/base_api.py", line 612, in __ProcessHttpResponse
    raise exceptions.HttpError.FromResponse(
        http_response, method_config=method_config, request=request)
apitools.base.py.exceptions.HttpConflictError: HttpError accessing <https://cloudresourcemanager.googleapis.com/v1/projects?alt=json>: response: <{'vary': 'Origin, X-Origin, Referer', 'content-type': 'application/json; charset=UTF-8', 'content-encoding': 'gzip', 'date': 'Mon, 07 Sep 2026 05:00:29 GMT', 'server': 'ESF', 'x-xss-protection': '0', 'x-frame-options': 'SAMEORIGIN', 'x-content-type-options': 'nosniff', 'server-timing': 'gfet4t7; dur=1447', 'alt-svc': 'h3=":443"; ma=2592000,h3-29=":443"; ma=2592000', 'transfer-encoding': 'chunked', 'status': 409}>, content <{
  "error": {
    "code": 409,
    "message": "Requested entity already exists",
    "status": "ALREADY_EXISTS"
  }
}
>

During handling of the above exception, another exception occurred:

Traceback (most recent call last):
  File "/data/data/com.termux/files/home/google-cloud-sdk/lib/googlecloudsdk/calliope/cli.py", line 951, in Execute
    resources = calliope_command.Run(cli=self, args=args)
  File "/data/data/com.termux/files/home/google-cloud-sdk/lib/googlecloudsdk/calliope/backend.py", line 968, in Run
    resources = command_instance.Run(args)
  File "/data/data/com.termux/files/home/google-cloud-sdk/lib/surface/projects/create.py", line 162, in Run
    core_exceptions.reraise(exceptions.HttpException(msg))
    ~~~~~~~~~~~~~~~~~~~~~~~^^^^^^^^^^^^^^^^^^^^^^^^^^^^^^^
  File "/data/data/com.termux/files/home/google-cloud-sdk/lib/googlecloudsdk/core/exceptions.py", line 146, in reraise
    six.reraise(type(exc_value), exc_value, tb)
    ~~~~~~~~~~~^^^^^^^^^^^^^^^^^^^^^^^^^^^^^^^^
  File "/data/data/com.termux/files/home/google-cloud-sdk/lib/third_party/six/__init__.py", line 718, in reraise
    raise value.with_traceback(tb)
  File "/data/data/com.termux/files/home/google-cloud-sdk/lib/surface/projects/create.py", line 151, in Run
    create_op = projects_api.Create(
        project_ref,
    ...<3 lines>...
        labels=labels,
        tags=tags)
  File "/data/data/com.termux/files/home/google-cloud-sdk/lib/googlecloudsdk/api_lib/cloudresourcemanager/projects_api.py", line 153, in Create
    return client.projects.Create(
           ~~~~~~~~~~~~~~~~~~~~~~^
        messages.Project(
        ^^^^^^^^^^^^^^^^^
    ...<3 lines>...
            labels=labels,
            ^^^^^^^^^^^^^^
            tags=tags))
            ^^^^^^^^^^^
  File "/data/data/com.termux/files/home/google-cloud-sdk/lib/googlecloudsdk/generated_clients/apis/cloudresourcemanager/v1/cloudresourcemanager_v1_client.py", line 704, in Create
    return self._RunMethod(
           ~~~~~~~~~~~~~~~^
        config, request, global_params=global_params)
        ^^^^^^^^^^^^^^^^^^^^^^^^^^^^^^^^^^^^^^^^^^^^^
  File "/data/data/com.termux/files/home/google-cloud-sdk/lib/third_party/apitools/base/py/base_api.py", line 747, in _RunMethod
    return self.ProcessHttpResponse(method_config, http_response, request)
           ~~~~~~~~~~~~~~~~~~~~~~~~^^^^^^^^^^^^^^^^^^^^^^^^^^^^^^^^^^^^^^^
  File "/data/data/com.termux/files/home/google-cloud-sdk/lib/third_party/apitools/base/py/base_api.py", line 753, in ProcessHttpResponse
    self.__ProcessHttpResponse(method_config, http_response, request))
    ~~~~~~~~~~~~~~~~~~~~~~~~~~^^^^^^^^^^^^^^^^^^^^^^^^^^^^^^^^^^^^^^^
  File "/data/data/com.termux/files/home/google-cloud-sdk/lib/third_party/apitools/base/py/base_api.py", line 612, in __ProcessHttpResponse
    raise exceptions.HttpError.FromResponse(
        http_response, method_config=method_config, request=request)
googlecloudsdk.calliope.exceptions.HttpException: Project creation failed. The project ID you specified is already in use by another project. Please try an alternative ID.
2026-09-07 10:30:29,433 ERROR    root            (gcloud.projects.create) Project creation failed. The project ID you specified is already in use by another project. Please try an alternative ID.
