0 verbose cli /data/data/com.termux/files/usr/bin/node /data/data/com.termux/files/usr/bin/npm
1 info using npm@11.19.1
2 info using node@v26.4.0
3 silly config load:file:/data/data/com.termux/files/usr/lib/node_modules/npm/npmrc
4 silly config load:file:/data/data/com.termux/files/home/yt-app-data/media/.npmrc
5 silly config load:file:/data/data/com.termux/files/home/.npmrc
6 silly config load:file:/data/data/com.termux/files/usr/etc/npmrc
7 verbose title npm install express multer
8 verbose argv "install" "express" "multer"
9 verbose logfile logs-max:10 dir:/data/data/com.termux/files/home/.npm/_logs/2026-09-07T10_01_15_473Z-
10 verbose logfile /data/data/com.termux/files/home/.npm/_logs/2026-09-07T10_01_15_473Z-debug-0.log
11 silly logfile done cleaning log files
12 silly install-scripts no package.json at prefix Could not read package.json: Error: ENOENT: no such file or directory, open '/data/data/com.termux/files/home/yt-app-data/media/package.json'
13 silly packumentCache heap:1087897600 maxSize:271974400 maxEntrySize:135987200
14 silly idealTree buildDeps
15 silly fetch manifest express@*
16 silly packumentCache full:https://registry.npmjs.org/express cache-miss
17 http fetch GET 200 https://registry.npmjs.org/express 1641ms (cache miss)
18 silly packumentCache full:https://registry.npmjs.org/express set size:undefined disposed:false
19 silly fetch manifest multer@*
20 silly packumentCache full:https://registry.npmjs.org/multer cache-miss
21 http fetch GET 200 https://registry.npmjs.org/multer 203ms (cache miss)
22 silly packumentCache full:https://registry.npmjs.org/multer set size:undefined disposed:false
23 silly placeDep ROOT express@5.2.1 OK for:  want: *
24 silly placeDep ROOT multer@2.3.0 OK for:  want: *
25 silly fetch manifest qs@^6.14.0
26 silly packumentCache full:https://registry.npmjs.org/qs cache-miss
27 silly fetch manifest depd@^2.0.0
28 silly packumentCache full:https://registry.npmjs.org/depd cache-miss
29 silly fetch manifest etag@^1.8.1
30 silly packumentCache full:https://registry.npmjs.org/etag cache-miss
31 silly fetch manifest once@^1.4.0
32 silly packumentCache full:https://registry.npmjs.org/once cache-miss
33 silly fetch manifest send@^1.1.0
34 silly packumentCache full:https://registry.npmjs.org/send cache-miss
35 silly fetch manifest vary@^1.1.2
36 silly packumentCache full:https://registry.npmjs.org/vary cache-miss
37 silly fetch manifest debug@^4.4.0
38 silly packumentCache full:https://registry.npmjs.org/debug cache-miss
39 http fetch GET 200 https://registry.npmjs.org/qs 343ms (cache miss)
40 silly packumentCache full:https://registry.npmjs.org/qs set size:undefined disposed:false
41 silly fetch manifest fresh@^2.0.0
42 silly packumentCache full:https://registry.npmjs.org/fresh cache-miss
43 http fetch GET 200 https://registry.npmjs.org/once 705ms (cache miss)
44 silly packumentCache full:https://registry.npmjs.org/once set size:undefined disposed:false
45 silly fetch manifest cookie@^0.7.1
46 silly packumentCache full:https://registry.npmjs.org/cookie cache-miss
47 http fetch GET 200 https://registry.npmjs.org/fresh 328ms (cache miss)
48 silly packumentCache full:https://registry.npmjs.org/fresh set size:undefined disposed:false
49 silly fetch manifest router@^2.2.0
50 silly packumentCache full:https://registry.npmjs.org/router cache-miss
51 http fetch GET 200 https://registry.npmjs.org/etag 747ms (cache miss)
52 silly packumentCache full:https://registry.npmjs.org/etag set size:undefined disposed:false
53 silly fetch manifest accepts@^2.0.0
54 silly packumentCache full:https://registry.npmjs.org/accepts cache-miss
55 http fetch GET 200 https://registry.npmjs.org/vary 756ms (cache miss)
56 silly packumentCache full:https://registry.npmjs.org/vary set size:undefined disposed:false
57 silly fetch manifest type-is@^2.0.1
58 silly packumentCache full:https://registry.npmjs.org/type-is cache-miss
59 http fetch GET 200 https://registry.npmjs.org/depd 830ms (cache miss)
60 silly packumentCache full:https://registry.npmjs.org/depd set size:undefined disposed:false
61 silly fetch manifest parseurl@^1.3.3
62 silly packumentCache full:https://registry.npmjs.org/parseurl cache-miss
63 http fetch GET 200 https://registry.npmjs.org/send 975ms (cache miss)
64 silly packumentCache full:https://registry.npmjs.org/send set size:undefined disposed:false
65 silly fetch manifest statuses@^2.0.1
66 silly packumentCache full:https://registry.npmjs.org/statuses cache-miss
67 http fetch GET 200 https://registry.npmjs.org/debug 1034ms (cache miss)
68 silly packumentCache full:https://registry.npmjs.org/debug set size:undefined disposed:false
69 silly fetch manifest encodeurl@^2.0.0
70 silly packumentCache full:https://registry.npmjs.org/encodeurl cache-miss
71 http fetch GET 200 https://registry.npmjs.org/parseurl 282ms (cache miss)
72 silly packumentCache full:https://registry.npmjs.org/parseurl set size:undefined disposed:false
73 silly fetch manifest mime-types@^3.0.0
74 silly packumentCache full:https://registry.npmjs.org/mime-types cache-miss
75 http fetch GET 200 https://registry.npmjs.org/accepts 384ms (cache miss)
76 silly packumentCache full:https://registry.npmjs.org/accepts set size:undefined disposed:false
77 silly fetch manifest proxy-addr@^2.0.7
78 silly packumentCache full:https://registry.npmjs.org/proxy-addr cache-miss
79 http fetch GET 200 https://registry.npmjs.org/cookie 468ms (cache miss)
80 silly packumentCache full:https://registry.npmjs.org/cookie set size:undefined disposed:false
81 silly fetch manifest body-parser@^2.2.1
82 silly packumentCache full:https://registry.npmjs.org/body-parser cache-miss
83 http fetch GET 200 https://registry.npmjs.org/type-is 448ms (cache miss)
84 silly packumentCache full:https://registry.npmjs.org/type-is set size:undefined disposed:false
85 silly fetch manifest escape-html@^1.0.3
86 silly packumentCache full:https://registry.npmjs.org/escape-html cache-miss
87 http fetch GET 200 https://registry.npmjs.org/router 542ms (cache miss)
88 silly packumentCache full:https://registry.npmjs.org/router set size:undefined disposed:false
89 silly fetch manifest http-errors@^2.0.0
90 silly packumentCache full:https://registry.npmjs.org/http-errors cache-miss
91 http fetch GET 200 https://registry.npmjs.org/encodeurl 303ms (cache miss)
92 silly packumentCache full:https://registry.npmjs.org/encodeurl set size:undefined disposed:false
93 silly fetch manifest on-finished@^2.4.1
94 silly packumentCache full:https://registry.npmjs.org/on-finished cache-miss
95 http fetch GET 200 https://registry.npmjs.org/statuses 422ms (cache miss)
96 silly packumentCache full:https://registry.npmjs.org/statuses set size:undefined disposed:false
97 silly fetch manifest content-type@^1.0.5
98 silly packumentCache full:https://registry.npmjs.org/content-type cache-miss
99 http fetch GET 200 https://registry.npmjs.org/proxy-addr 342ms (cache miss)
100 silly packumentCache full:https://registry.npmjs.org/proxy-addr set size:undefined disposed:false
101 silly fetch manifest finalhandler@^2.1.0
102 silly packumentCache full:https://registry.npmjs.org/finalhandler cache-miss
103 http fetch GET 200 https://registry.npmjs.org/mime-types 422ms (cache revalidated)
104 silly packumentCache full:https://registry.npmjs.org/mime-types set size:139110 disposed:false
105 silly fetch manifest range-parser@^1.2.1
106 silly packumentCache full:https://registry.npmjs.org/range-parser cache-miss
107 http fetch GET 200 https://registry.npmjs.org/escape-html 358ms (cache miss)
108 silly packumentCache full:https://registry.npmjs.org/escape-html set size:undefined disposed:false
109 silly fetch manifest serve-static@^2.2.0
110 silly packumentCache full:https://registry.npmjs.org/serve-static cache-miss
111 http fetch GET 200 https://registry.npmjs.org/body-parser 466ms (cache miss)
112 silly packumentCache full:https://registry.npmjs.org/body-parser set size:undefined disposed:false
113 silly fetch manifest cookie-signature@^1.2.1
114 silly packumentCache full:https://registry.npmjs.org/cookie-signature cache-miss
115 http fetch GET 200 https://registry.npmjs.org/http-errors 431ms (cache miss)
116 silly packumentCache full:https://registry.npmjs.org/http-errors set size:undefined disposed:false
117 silly fetch manifest merge-descriptors@^2.0.0
118 silly packumentCache full:https://registry.npmjs.org/merge-descriptors cache-miss
119 http fetch GET 200 https://registry.npmjs.org/on-finished 367ms (cache miss)
120 silly packumentCache full:https://registry.npmjs.org/on-finished set size:undefined disposed:false
121 silly fetch manifest content-disposition@^1.0.0
122 silly packumentCache full:https://registry.npmjs.org/content-disposition cache-miss
123 http fetch GET 200 https://registry.npmjs.org/content-type 351ms (cache miss)
124 silly packumentCache full:https://registry.npmjs.org/content-type set size:undefined disposed:false
125 silly fetch manifest busboy@^1.6.0
126 silly packumentCache full:https://registry.npmjs.org/busboy cache-miss
127 http fetch GET 200 https://registry.npmjs.org/finalhandler 323ms (cache miss)
128 silly packumentCache full:https://registry.npmjs.org/finalhandler set size:undefined disposed:false
129 silly fetch manifest type-is@^1.6.18
130 silly packumentCache full:https://registry.npmjs.org/type-is cache-miss
131 http fetch GET 200 https://registry.npmjs.org/range-parser 291ms (cache miss)
132 silly packumentCache full:https://registry.npmjs.org/range-parser set size:undefined disposed:false
133 silly fetch manifest append-field@^1.0.0
134 silly packumentCache full:https://registry.npmjs.org/append-field cache-miss
135 http fetch GET 200 https://registry.npmjs.org/cookie-signature 233ms (cache miss)
136 silly packumentCache full:https://registry.npmjs.org/cookie-signature set size:undefined disposed:false
137 silly fetch manifest concat-stream@^2.0.0
138 silly packumentCache full:https://registry.npmjs.org/concat-stream cache-miss
139 http cache https://registry.npmjs.org/type-is 187ms (cache hit)
140 silly packumentCache full:https://registry.npmjs.org/type-is set size:88614 disposed:false
141 http fetch GET 200 https://registry.npmjs.org/merge-descriptors 316ms (cache miss)
142 silly packumentCache full:https://registry.npmjs.org/merge-descriptors set size:undefined disposed:false
143 http fetch GET 200 https://registry.npmjs.org/serve-static 468ms (cache miss)
144 silly packumentCache full:https://registry.npmjs.org/serve-static set size:undefined disposed:false
145 http fetch GET 200 https://registry.npmjs.org/content-disposition 328ms (cache miss)
146 silly packumentCache full:https://registry.npmjs.org/content-disposition set size:undefined disposed:false
147 http fetch GET 200 https://registry.npmjs.org/append-field 256ms (cache miss)
148 silly packumentCache full:https://registry.npmjs.org/append-field set size:undefined disposed:false
149 http fetch GET 200 https://registry.npmjs.org/concat-stream 192ms (cache miss)
150 silly packumentCache full:https://registry.npmjs.org/concat-stream set size:undefined disposed:false
151 http fetch GET 200 https://registry.npmjs.org/busboy 393ms (cache miss)
152 silly packumentCache full:https://registry.npmjs.org/busboy set size:undefined disposed:false
153 silly placeDep ROOT accepts@2.0.0 OK for: express@5.2.1 want: ^2.0.0
154 silly placeDep ROOT body-parser@2.3.0 OK for: express@5.2.1 want: ^2.2.1
155 silly placeDep ROOT content-disposition@1.1.0 OK for: express@5.2.1 want: ^1.0.0
156 silly placeDep ROOT content-type@1.0.5 OK for: express@5.2.1 want: ^1.0.5
157 silly placeDep ROOT cookie@0.7.2 OK for: express@5.2.1 want: ^0.7.1
158 silly placeDep ROOT cookie-signature@1.2.2 OK for: express@5.2.1 want: ^1.2.1
159 silly placeDep ROOT debug@4.4.3 OK for: express@5.2.1 want: ^4.4.0
160 silly placeDep ROOT depd@2.0.0 OK for: express@5.2.1 want: ^2.0.0
161 silly placeDep ROOT encodeurl@2.0.0 OK for: express@5.2.1 want: ^2.0.0
162 silly placeDep ROOT escape-html@1.0.3 OK for: express@5.2.1 want: ^1.0.3
163 silly placeDep ROOT etag@1.8.1 OK for: express@5.2.1 want: ^1.8.1
164 silly placeDep ROOT finalhandler@2.1.1 OK for: express@5.2.1 want: ^2.1.0
165 silly placeDep ROOT fresh@2.0.0 OK for: express@5.2.1 want: ^2.0.0
166 silly placeDep ROOT http-errors@2.0.1 OK for: express@5.2.1 want: ^2.0.0
167 silly placeDep ROOT merge-descriptors@2.0.0 OK for: express@5.2.1 want: ^2.0.0
168 silly placeDep ROOT mime-types@3.0.2 OK for: express@5.2.1 want: ^3.0.0
169 silly placeDep ROOT on-finished@2.4.1 OK for: express@5.2.1 want: ^2.4.1
170 silly placeDep ROOT once@1.4.0 OK for: express@5.2.1 want: ^1.4.0
171 silly placeDep ROOT parseurl@1.3.3 OK for: express@5.2.1 want: ^1.3.3
172 silly placeDep ROOT proxy-addr@2.0.7 OK for: express@5.2.1 want: ^2.0.7
173 silly placeDep ROOT qs@6.16.0 OK for: express@5.2.1 want: ^6.14.0
174 silly placeDep ROOT range-parser@1.3.0 OK for: express@5.2.1 want: ^1.2.1
175 silly placeDep ROOT router@2.2.0 OK for: express@5.2.1 want: ^2.2.0
176 silly placeDep ROOT send@1.2.1 OK for: express@5.2.1 want: ^1.1.0
177 silly placeDep ROOT serve-static@2.2.1 OK for: express@5.2.1 want: ^2.2.0
178 silly placeDep ROOT statuses@2.0.2 OK for: express@5.2.1 want: ^2.0.1
179 silly placeDep ROOT type-is@2.1.0 OK for: express@5.2.1 want: ^2.0.1
180 silly placeDep ROOT vary@1.1.2 OK for: express@5.2.1 want: ^1.1.2
181 silly fetch manifest negotiator@^1.0.0
182 silly packumentCache full:https://registry.npmjs.org/negotiator cache-miss
183 silly fetch manifest qs@^6.15.2
184 silly packumentCache full:https://registry.npmjs.org/qs cache-miss
185 silly fetch manifest bytes@^3.1.2
186 silly packumentCache full:https://registry.npmjs.org/bytes cache-miss
187 silly fetch manifest debug@^4.4.3
188 silly packumentCache full:https://registry.npmjs.org/debug cache-miss
189 silly fetch manifest type-is@^2.1.0
190 silly packumentCache full:https://registry.npmjs.org/type-is cache-hit
191 silly fetch manifest raw-body@^3.0.2
192 silly packumentCache full:https://registry.npmjs.org/raw-body cache-miss
193 silly fetch manifest iconv-lite@^0.7.2
194 silly packumentCache full:https://registry.npmjs.org/iconv-lite cache-miss
195 silly fetch manifest http-errors@^2.0.1
196 silly packumentCache full:https://registry.npmjs.org/http-errors cache-miss
197 http cache https://registry.npmjs.org/http-errors 67ms (cache hit)
198 silly packumentCache full:https://registry.npmjs.org/http-errors set size:71987 disposed:false
199 silly fetch manifest content-type@^2.0.0
200 silly packumentCache full:https://registry.npmjs.org/content-type cache-miss
201 http cache https://registry.npmjs.org/debug 113ms (cache hit)
202 silly packumentCache full:https://registry.npmjs.org/debug set size:195840 disposed:false
203 silly fetch manifest ms@^2.1.3
204 silly packumentCache full:https://registry.npmjs.org/ms cache-miss
205 http cache https://registry.npmjs.org/qs 167ms (cache hit)
206 silly packumentCache full:https://registry.npmjs.org/qs set size:365613 disposed:false
207 silly fetch manifest inherits@~2.0.4
208 silly packumentCache full:https://registry.npmjs.org/inherits cache-miss
209 http cache https://registry.npmjs.org/content-type 272ms (cache hit)
210 silly packumentCache full:https://registry.npmjs.org/content-type set size:23936 disposed:false
211 silly fetch manifest setprototypeof@~1.2.0
212 silly packumentCache full:https://registry.npmjs.org/setprototypeof cache-miss
213 http fetch GET 200 https://registry.npmjs.org/negotiator 420ms (cache miss)
214 silly packumentCache full:https://registry.npmjs.org/negotiator set size:undefined disposed:false
215 silly fetch manifest statuses@~2.0.2
216 silly packumentCache full:https://registry.npmjs.org/statuses cache-miss
217 http fetch GET 200 https://registry.npmjs.org/bytes 429ms (cache miss)
218 silly packumentCache full:https://registry.npmjs.org/bytes set size:undefined disposed:false
219 silly fetch manifest toidentifier@~1.0.1
220 silly packumentCache full:https://registry.npmjs.org/toidentifier cache-miss
221 http fetch GET 200 https://registry.npmjs.org/inherits 251ms (cache miss)
222 silly packumentCache full:https://registry.npmjs.org/inherits set size:undefined disposed:false
223 silly fetch manifest mime-db@^1.54.0
224 silly packumentCache full:https://registry.npmjs.org/mime-db cache-miss
225 http fetch GET 200 https://registry.npmjs.org/iconv-lite 465ms (cache miss)
226 silly packumentCache full:https://registry.npmjs.org/iconv-lite set size:undefined disposed:false
227 silly fetch manifest ee-first@1.1.1
228 silly packumentCache full:https://registry.npmjs.org/ee-first cache-miss
229 http fetch GET 200 https://registry.npmjs.org/ms 381ms (cache miss)
230 silly packumentCache full:https://registry.npmjs.org/ms set size:undefined disposed:false
231 silly fetch manifest wrappy@1
232 silly packumentCache full:https://registry.npmjs.org/wrappy cache-miss
233 http fetch GET 200 https://registry.npmjs.org/raw-body 556ms (cache miss)
234 silly packumentCache full:https://registry.npmjs.org/raw-body set size:undefined disposed:false
235 silly fetch manifest forwarded@0.2.0
236 silly packumentCache full:https://registry.npmjs.org/forwarded cache-miss
237 http cache https://registry.npmjs.org/statuses 220ms (cache hit)
238 silly packumentCache full:https://registry.npmjs.org/statuses set size:37117 disposed:false
239 silly fetch manifest ipaddr.js@1.9.1
240 silly packumentCache full:https://registry.npmjs.org/ipaddr.js cache-miss
241 http fetch GET 200 https://registry.npmjs.org/setprototypeof 300ms (cache miss)
242 silly packumentCache full:https://registry.npmjs.org/setprototypeof set size:undefined disposed:false
243 silly fetch manifest side-channel@^1.1.1
244 silly packumentCache full:https://registry.npmjs.org/side-channel cache-miss
245 http fetch GET 200 https://registry.npmjs.org/toidentifier 310ms (cache miss)
246 silly packumentCache full:https://registry.npmjs.org/toidentifier set size:undefined disposed:false
247 silly fetch manifest es-define-property@^1.0.1
248 silly packumentCache full:https://registry.npmjs.org/es-define-property cache-miss
249 http fetch GET 200 https://registry.npmjs.org/ee-first 297ms (cache miss)
250 silly packumentCache full:https://registry.npmjs.org/ee-first set size:undefined disposed:false
251 silly fetch manifest is-promise@^4.0.0
252 silly packumentCache full:https://registry.npmjs.org/is-promise cache-miss
253 http fetch GET 200 https://registry.npmjs.org/mime-db 362ms (cache revalidated)
254 silly packumentCache full:https://registry.npmjs.org/mime-db set size:164953 disposed:false
255 silly fetch manifest path-to-regexp@^8.0.0
256 silly packumentCache full:https://registry.npmjs.org/path-to-regexp cache-miss
257 http fetch GET 200 https://registry.npmjs.org/wrappy 318ms (cache miss)
258 silly packumentCache full:https://registry.npmjs.org/wrappy set size:undefined disposed:false
259 silly fetch manifest statuses@^2.0.2
260 silly packumentCache full:https://registry.npmjs.org/statuses cache-hit
261 silly fetch manifest media-typer@^1.1.0
262 silly packumentCache full:https://registry.npmjs.org/media-typer cache-miss
263 http fetch GET 200 https://registry.npmjs.org/forwarded 339ms (cache miss)
264 silly packumentCache full:https://registry.npmjs.org/forwarded set size:undefined disposed:false
265 http fetch GET 200 https://registry.npmjs.org/side-channel 238ms (cache miss)
266 silly packumentCache full:https://registry.npmjs.org/side-channel set size:undefined disposed:false
267 http fetch GET 200 https://registry.npmjs.org/ipaddr.js 312ms (cache miss)
268 silly packumentCache full:https://registry.npmjs.org/ipaddr.js set size:undefined disposed:false
269 http fetch GET 200 https://registry.npmjs.org/is-promise 191ms (cache miss)
270 silly packumentCache full:https://registry.npmjs.org/is-promise set size:undefined disposed:false
271 http fetch GET 200 https://registry.npmjs.org/es-define-property 270ms (cache revalidated)
272 silly packumentCache full:https://registry.npmjs.org/es-define-property set size:8542 disposed:false
273 http fetch GET 200 https://registry.npmjs.org/media-typer 153ms (cache miss)
274 silly packumentCache full:https://registry.npmjs.org/media-typer set size:undefined disposed:false
275 http fetch GET 200 https://registry.npmjs.org/path-to-regexp 199ms (cache miss)
276 silly packumentCache full:https://registry.npmjs.org/path-to-regexp set size:undefined disposed:false
277 silly placeDep ROOT negotiator@1.1.0 OK for: accepts@2.0.0 want: ^1.0.0
278 silly fetch manifest content-type@^2.1.0
279 silly packumentCache full:https://registry.npmjs.org/content-type cache-hit
280 silly placeDep ROOT bytes@3.1.2 OK for: body-parser@2.3.0 want: ^3.1.2
281 silly placeDep node_modules/body-parser content-type@2.1.0 OK for: body-parser@2.3.0 want: ^2.0.0
282 silly placeDep ROOT iconv-lite@0.7.3 OK for: body-parser@2.3.0 want: ^0.7.2
283 silly placeDep ROOT raw-body@3.0.2 OK for: body-parser@2.3.0 want: ^3.0.2
284 silly fetch manifest safer-buffer@>= 2.1.2 < 3.0.0
285 silly packumentCache full:https://registry.npmjs.org/safer-buffer cache-miss
286 silly fetch manifest unpipe@~1.0.0
287 silly packumentCache full:https://registry.npmjs.org/unpipe cache-miss
288 http fetch GET 200 https://registry.npmjs.org/unpipe 117ms (cache miss)
289 silly packumentCache full:https://registry.npmjs.org/unpipe set size:undefined disposed:false
290 http fetch GET 200 https://registry.npmjs.org/safer-buffer 135ms (cache miss)
291 silly packumentCache full:https://registry.npmjs.org/safer-buffer set size:undefined disposed:false
292 silly placeDep ROOT ms@2.1.3 OK for: debug@4.4.3 want: ^2.1.3
293 silly placeDep ROOT inherits@2.0.4 OK for: http-errors@2.0.1 want: ~2.0.4
294 silly placeDep ROOT setprototypeof@1.2.0 OK for: http-errors@2.0.1 want: ~1.2.0
295 silly placeDep ROOT toidentifier@1.0.1 OK for: http-errors@2.0.1 want: ~1.0.1
296 silly placeDep ROOT safer-buffer@2.1.2 OK for: iconv-lite@0.7.3 want: >= 2.1.2 < 3.0.0
297 silly placeDep ROOT mime-db@1.54.0 OK for: mime-types@3.0.2 want: ^1.54.0
298 silly placeDep ROOT append-field@1.0.0 OK for: multer@2.3.0 want: ^1.0.0
299 silly placeDep ROOT busboy@1.6.0 OK for: multer@2.3.0 want: ^1.6.0
300 silly placeDep ROOT concat-stream@2.0.0 OK for: multer@2.3.0 want: ^2.0.0
301 silly placeDep node_modules/multer type-is@1.6.18 OK for: multer@2.3.0 want: ^1.6.18
302 silly fetch manifest streamsearch@^1.1.0
303 silly packumentCache full:https://registry.npmjs.org/streamsearch cache-miss
304 silly fetch manifest buffer-from@^1.0.0
305 silly packumentCache full:https://registry.npmjs.org/buffer-from cache-miss
306 silly fetch manifest readable-stream@^3.0.2
307 silly packumentCache full:https://registry.npmjs.org/readable-stream cache-miss
308 silly fetch manifest typedarray@^0.0.6
309 silly packumentCache full:https://registry.npmjs.org/typedarray cache-miss
310 silly fetch manifest mime-types@~2.1.24
311 silly packumentCache full:https://registry.npmjs.org/mime-types cache-hit
312 silly fetch manifest media-typer@0.3.0
313 silly packumentCache full:https://registry.npmjs.org/media-typer cache-miss
314 http cache https://registry.npmjs.org/media-typer 53ms (cache hit)
315 silly packumentCache full:https://registry.npmjs.org/media-typer set size:22074 disposed:false
316 http fetch GET 200 https://registry.npmjs.org/streamsearch 215ms (cache miss)
317 silly packumentCache full:https://registry.npmjs.org/streamsearch set size:undefined disposed:false
318 http fetch GET 200 https://registry.npmjs.org/buffer-from 222ms (cache miss)
319 silly packumentCache full:https://registry.npmjs.org/buffer-from set size:undefined disposed:false
320 http fetch GET 200 https://registry.npmjs.org/typedarray 224ms (cache miss)
321 silly packumentCache full:https://registry.npmjs.org/typedarray set size:undefined disposed:false
322 http fetch GET 200 https://registry.npmjs.org/readable-stream 289ms (cache miss)
323 silly packumentCache full:https://registry.npmjs.org/readable-stream set size:undefined disposed:false
324 silly placeDep ROOT streamsearch@1.1.0 OK for: busboy@1.6.0 want: ^1.1.0
325 silly placeDep ROOT buffer-from@1.1.2 OK for: concat-stream@2.0.0 want: ^1.0.0
326 silly placeDep ROOT readable-stream@3.6.2 OK for: concat-stream@2.0.0 want: ^3.0.2
327 silly placeDep ROOT typedarray@0.0.6 OK for: concat-stream@2.0.0 want: ^0.0.6
328 silly fetch manifest string_decoder@^1.1.1
329 silly packumentCache full:https://registry.npmjs.org/string_decoder cache-miss
330 silly fetch manifest util-deprecate@^1.0.1
331 silly packumentCache full:https://registry.npmjs.org/util-deprecate cache-miss
332 http fetch GET 200 https://registry.npmjs.org/util-deprecate 128ms (cache miss)
333 silly packumentCache full:https://registry.npmjs.org/util-deprecate set size:undefined disposed:false
334 http fetch GET 200 https://registry.npmjs.org/string_decoder 142ms (cache miss)
335 silly packumentCache full:https://registry.npmjs.org/string_decoder set size:undefined disposed:false
336 silly placeDep node_modules/negotiator content-type@2.1.0 OK for: negotiator@1.1.0 want: ^2.1.0
337 silly placeDep ROOT ee-first@1.1.1 OK for: on-finished@2.4.1 want: 1.1.1
338 silly placeDep ROOT wrappy@1.0.2 OK for: once@1.4.0 want: 1
339 silly placeDep ROOT forwarded@0.2.0 OK for: proxy-addr@2.0.7 want: 0.2.0
340 silly placeDep ROOT ipaddr.js@1.9.1 OK for: proxy-addr@2.0.7 want: 1.9.1
341 silly placeDep ROOT es-define-property@1.0.1 OK for: qs@6.16.0 want: ^1.0.1
342 silly placeDep ROOT side-channel@1.1.1 OK for: qs@6.16.0 want: ^1.1.1
343 silly fetch manifest es-errors@^1.3.0
344 silly packumentCache full:https://registry.npmjs.org/es-errors cache-miss
345 silly fetch manifest object-inspect@^1.13.4
346 silly packumentCache full:https://registry.npmjs.org/object-inspect cache-miss
347 silly fetch manifest side-channel-list@^1.0.1
348 silly packumentCache full:https://registry.npmjs.org/side-channel-list cache-miss
349 silly fetch manifest side-channel-map@^1.0.1
350 silly packumentCache full:https://registry.npmjs.org/side-channel-map cache-miss
351 silly fetch manifest side-channel-weakmap@^1.0.2
352 silly packumentCache full:https://registry.npmjs.org/side-channel-weakmap cache-miss
353 http fetch GET 200 https://registry.npmjs.org/side-channel-list 159ms (cache miss)
354 silly packumentCache full:https://registry.npmjs.org/side-channel-list set size:undefined disposed:false
355 http fetch GET 200 https://registry.npmjs.org/side-channel-map 162ms (cache miss)
356 silly packumentCache full:https://registry.npmjs.org/side-channel-map set size:undefined disposed:false
357 http fetch GET 200 https://registry.npmjs.org/side-channel-weakmap 165ms (cache miss)
358 silly packumentCache full:https://registry.npmjs.org/side-channel-weakmap set size:undefined disposed:false
359 http fetch GET 200 https://registry.npmjs.org/object-inspect 194ms (cache miss)
360 silly packumentCache full:https://registry.npmjs.org/object-inspect set size:undefined disposed:false
361 http fetch GET 200 https://registry.npmjs.org/es-errors 225ms (cache revalidated)
362 silly packumentCache full:https://registry.npmjs.org/es-errors set size:16918 disposed:false
363 silly placeDep ROOT unpipe@1.0.0 OK for: raw-body@3.0.2 want: ~1.0.0
364 silly placeDep ROOT string_decoder@1.3.0 OK for: readable-stream@3.6.2 want: ^1.1.1
365 silly placeDep ROOT util-deprecate@1.0.2 OK for: readable-stream@3.6.2 want: ^1.0.1
366 silly fetch manifest safe-buffer@~5.2.0
367 silly packumentCache full:https://registry.npmjs.org/safe-buffer cache-miss
368 http fetch GET 200 https://registry.npmjs.org/safe-buffer 124ms (cache miss)
369 silly packumentCache full:https://registry.npmjs.org/safe-buffer set size:undefined disposed:false
370 silly placeDep ROOT is-promise@4.0.0 OK for: router@2.2.0 want: ^4.0.0
371 silly placeDep ROOT path-to-regexp@8.4.2 OK for: router@2.2.0 want: ^8.0.0
372 silly placeDep ROOT es-errors@1.3.0 OK for: side-channel@1.1.1 want: ^1.3.0
373 silly placeDep ROOT object-inspect@1.13.4 OK for: side-channel@1.1.1 want: ^1.13.4
374 silly placeDep ROOT side-channel-list@1.0.1 OK for: side-channel@1.1.1 want: ^1.0.1
375 silly placeDep ROOT side-channel-map@1.0.1 OK for: side-channel@1.1.1 want: ^1.0.1
376 silly placeDep ROOT side-channel-weakmap@1.0.2 OK for: side-channel@1.1.1 want: ^1.0.2
377 silly fetch manifest call-bound@^1.0.2
378 silly packumentCache full:https://registry.npmjs.org/call-bound cache-miss
379 silly fetch manifest get-intrinsic@^1.2.5
380 silly packumentCache full:https://registry.npmjs.org/get-intrinsic cache-miss
381 silly fetch manifest call-bound@^1.0.2
382 silly packumentCache full:https://registry.npmjs.org/call-bound cache-miss
383 silly fetch manifest get-intrinsic@^1.2.5
384 silly packumentCache full:https://registry.npmjs.org/get-intrinsic cache-miss
385 http fetch GET 200 https://registry.npmjs.org/get-intrinsic 133ms (cache revalidated)
386 silly packumentCache full:https://registry.npmjs.org/get-intrinsic set size:60985 disposed:false
387 http fetch GET 200 https://registry.npmjs.org/call-bound 153ms (cache miss)
388 silly packumentCache full:https://registry.npmjs.org/call-bound set size:undefined disposed:false
389 http fetch GET 200 https://registry.npmjs.org/get-intrinsic 160ms (cache revalidated)
390 silly packumentCache full:https://registry.npmjs.org/get-intrinsic set size:60985 disposed:false
391 silly packumentCache full:https://registry.npmjs.org/get-intrinsic dispose
392 http fetch GET 200 https://registry.npmjs.org/call-bound 182ms (cache miss)
393 silly packumentCache full:https://registry.npmjs.org/call-bound set size:undefined disposed:false
394 silly placeDep ROOT call-bound@1.0.4 OK for: side-channel-map@1.0.1 want: ^1.0.2
395 silly placeDep ROOT get-intrinsic@1.3.0 OK for: side-channel-map@1.0.1 want: ^1.2.5
396 silly fetch manifest call-bind-apply-helpers@^1.0.2
397 silly packumentCache full:https://registry.npmjs.org/call-bind-apply-helpers cache-miss
398 silly fetch manifest get-intrinsic@^1.3.0
399 silly packumentCache full:https://registry.npmjs.org/get-intrinsic cache-hit
400 silly fetch manifest gopd@^1.2.0
401 silly packumentCache full:https://registry.npmjs.org/gopd cache-miss
402 silly fetch manifest hasown@^2.0.2
403 silly packumentCache full:https://registry.npmjs.org/hasown cache-miss
404 silly fetch manifest get-proto@^1.0.1
405 silly packumentCache full:https://registry.npmjs.org/get-proto cache-miss
406 silly fetch manifest has-symbols@^1.1.0
407 silly packumentCache full:https://registry.npmjs.org/has-symbols cache-miss
408 silly fetch manifest function-bind@^1.1.2
409 silly packumentCache full:https://registry.npmjs.org/function-bind cache-miss
410 silly fetch manifest es-object-atoms@^1.1.1
411 silly packumentCache full:https://registry.npmjs.org/es-object-atoms cache-miss
412 http fetch GET 200 https://registry.npmjs.org/get-proto 145ms (cache revalidated)
413 silly packumentCache full:https://registry.npmjs.org/get-proto set size:8300 disposed:false
414 silly fetch manifest math-intrinsics@^1.1.0
415 silly packumentCache full:https://registry.npmjs.org/math-intrinsics cache-miss
416 http fetch GET 200 https://registry.npmjs.org/gopd 181ms (cache revalidated)
417 silly packumentCache full:https://registry.npmjs.org/gopd set size:11483 disposed:false
418 silly fetch manifest call-bind-apply-helpers@^1.0.2
419 silly packumentCache full:https://registry.npmjs.org/call-bind-apply-helpers cache-miss
420 http fetch GET 200 https://registry.npmjs.org/hasown 210ms (cache revalidated)
421 silly packumentCache full:https://registry.npmjs.org/hasown set size:18361 disposed:false
422 http fetch GET 200 https://registry.npmjs.org/call-bind-apply-helpers 238ms (cache revalidated)
423 silly packumentCache full:https://registry.npmjs.org/call-bind-apply-helpers set size:12744 disposed:false
424 http fetch GET 200 https://registry.npmjs.org/has-symbols 230ms (cache revalidated)
425 silly packumentCache full:https://registry.npmjs.org/has-symbols set size:21550 disposed:false
426 http fetch GET 200 https://registry.npmjs.org/function-bind 237ms (cache revalidated)
427 silly packumentCache full:https://registry.npmjs.org/function-bind set size:15733 disposed:false
428 http fetch GET 200 https://registry.npmjs.org/es-object-atoms 233ms (cache revalidated)
429 silly packumentCache full:https://registry.npmjs.org/es-object-atoms set size:18278 disposed:false
430 http fetch GET 200 https://registry.npmjs.org/call-bind-apply-helpers 192ms (cache revalidated)
431 silly packumentCache full:https://registry.npmjs.org/call-bind-apply-helpers set size:12744 disposed:false
432 silly packumentCache full:https://registry.npmjs.org/call-bind-apply-helpers dispose
433 http fetch GET 200 https://registry.npmjs.org/math-intrinsics 227ms (cache revalidated)
434 silly packumentCache full:https://registry.npmjs.org/math-intrinsics set size:9265 disposed:false
435 silly placeDep ROOT call-bind-apply-helpers@1.0.2 OK for: call-bound@1.0.4 want: ^1.0.2
436 silly placeDep ROOT function-bind@1.1.2 OK for: call-bind-apply-helpers@1.0.2 want: ^1.1.2
437 silly placeDep ROOT es-object-atoms@1.1.2 OK for: get-intrinsic@1.3.0 want: ^1.1.1
438 silly placeDep ROOT get-proto@1.0.1 OK for: get-intrinsic@1.3.0 want: ^1.0.1
439 silly placeDep ROOT gopd@1.2.0 OK for: get-intrinsic@1.3.0 want: ^1.2.0
440 silly placeDep ROOT has-symbols@1.1.0 OK for: get-intrinsic@1.3.0 want: ^1.1.0
441 silly placeDep ROOT hasown@2.0.4 OK for: get-intrinsic@1.3.0 want: ^2.0.2
442 silly placeDep ROOT math-intrinsics@1.1.0 OK for: get-intrinsic@1.3.0 want: ^1.1.0
443 silly fetch manifest dunder-proto@^1.0.1
444 silly packumentCache full:https://registry.npmjs.org/dunder-proto cache-miss
445 http fetch GET 200 https://registry.npmjs.org/dunder-proto 99ms (cache revalidated)
446 silly packumentCache full:https://registry.npmjs.org/dunder-proto set size:8256 disposed:false
447 silly placeDep ROOT dunder-proto@1.0.1 OK for: get-proto@1.0.1 want: ^1.0.1
448 silly placeDep ROOT safe-buffer@5.2.1 OK for: string_decoder@1.3.0 want: ~5.2.0
449 silly placeDep node_modules/type-is content-type@2.1.0 OK for: type-is@2.1.0 want: ^2.0.0
450 silly placeDep ROOT media-typer@1.1.1 OK for: type-is@2.1.0 want: ^1.1.0
451 silly placeDep node_modules/multer media-typer@0.3.0 OK for: type-is@1.6.18 want: 0.3.0
452 silly placeDep node_modules/multer mime-types@2.1.35 OK for: type-is@1.6.18 want: ~2.1.24
453 silly fetch manifest mime-db@1.52.0
454 silly packumentCache full:https://registry.npmjs.org/mime-db cache-hit
455 silly placeDep node_modules/multer mime-db@1.52.0 OK for: mime-types@2.1.35 want: 1.52.0
456 silly reify moves {}
457 http cache media-typer@https://registry.npmjs.org/media-typer/-/media-typer-1.1.1.tgz 0ms (cache hit)
458 http cache safe-buffer@https://registry.npmjs.org/safe-buffer/-/safe-buffer-5.2.1.tgz 0ms (cache hit)
459 http cache dunder-proto@https://registry.npmjs.org/dunder-proto/-/dunder-proto-1.0.1.tgz 1ms (cache hit)
460 http cache math-intrinsics@https://registry.npmjs.org/math-intrinsics/-/math-intrinsics-1.1.0.tgz 0ms (cache hit)
461 http cache hasown@https://registry.npmjs.org/hasown/-/hasown-2.0.4.tgz 0ms (cache hit)
462 http cache has-symbols@https://registry.npmjs.org/has-symbols/-/has-symbols-1.1.0.tgz 0ms (cache hit)
463 http cache get-proto@https://registry.npmjs.org/get-proto/-/get-proto-1.0.1.tgz 0ms (cache hit)
464 http cache gopd@https://registry.npmjs.org/gopd/-/gopd-1.2.0.tgz 0ms (cache hit)
465 http cache es-object-atoms@https://registry.npmjs.org/es-object-atoms/-/es-object-atoms-1.1.2.tgz 0ms (cache hit)
466 http cache function-bind@https://registry.npmjs.org/function-bind/-/function-bind-1.1.2.tgz 0ms (cache hit)
467 http cache call-bind-apply-helpers@https://registry.npmjs.org/call-bind-apply-helpers/-/call-bind-apply-helpers-1.0.2.tgz 0ms (cache hit)
468 http cache get-intrinsic@https://registry.npmjs.org/get-intrinsic/-/get-intrinsic-1.3.0.tgz 0ms (cache hit)
469 http cache call-bound@https://registry.npmjs.org/call-bound/-/call-bound-1.0.4.tgz 0ms (cache hit)
470 http cache side-channel-weakmap@https://registry.npmjs.org/side-channel-weakmap/-/side-channel-weakmap-1.0.2.tgz 0ms (cache hit)
471 http cache side-channel-map@https://registry.npmjs.org/side-channel-map/-/side-channel-map-1.0.1.tgz 0ms (cache hit)
472 http cache side-channel-list@https://registry.npmjs.org/side-channel-list/-/side-channel-list-1.0.1.tgz 0ms (cache hit)
473 http cache object-inspect@https://registry.npmjs.org/object-inspect/-/object-inspect-1.13.4.tgz 0ms (cache hit)
474 http cache es-errors@https://registry.npmjs.org/es-errors/-/es-errors-1.3.0.tgz 1ms (cache hit)
475 http cache path-to-regexp@https://registry.npmjs.org/path-to-regexp/-/path-to-regexp-8.4.2.tgz 0ms (cache hit)
476 http cache is-promise@https://registry.npmjs.org/is-promise/-/is-promise-4.0.0.tgz 0ms (cache hit)
477 http cache util-deprecate@https://registry.npmjs.org/util-deprecate/-/util-deprecate-1.0.2.tgz 1ms (cache hit)
478 http cache string_decoder@https://registry.npmjs.org/string_decoder/-/string_decoder-1.3.0.tgz 0ms (cache hit)
479 http cache unpipe@https://registry.npmjs.org/unpipe/-/unpipe-1.0.0.tgz 0ms (cache hit)
480 http cache es-define-property@https://registry.npmjs.org/es-define-property/-/es-define-property-1.0.1.tgz 0ms (cache hit)
481 http cache ipaddr.js@https://registry.npmjs.org/ipaddr.js/-/ipaddr.js-1.9.1.tgz 0ms (cache hit)
482 http cache side-channel@https://registry.npmjs.org/side-channel/-/side-channel-1.1.1.tgz 0ms (cache hit)
483 http cache forwarded@https://registry.npmjs.org/forwarded/-/forwarded-0.2.0.tgz 0ms (cache hit)
484 http cache wrappy@https://registry.npmjs.org/wrappy/-/wrappy-1.0.2.tgz 1ms (cache hit)
485 http cache ee-first@https://registry.npmjs.org/ee-first/-/ee-first-1.1.1.tgz 0ms (cache hit)
486 http cache typedarray@https://registry.npmjs.org/typedarray/-/typedarray-0.0.6.tgz 0ms (cache hit)
487 http cache readable-stream@https://registry.npmjs.org/readable-stream/-/readable-stream-3.6.2.tgz 0ms (cache hit)
488 http cache buffer-from@https://registry.npmjs.org/buffer-from/-/buffer-from-1.1.2.tgz 1ms (cache hit)
489 http cache streamsearch@https://registry.npmjs.org/streamsearch/-/streamsearch-1.1.0.tgz 0ms (cache hit)
490 http cache concat-stream@https://registry.npmjs.org/concat-stream/-/concat-stream-2.0.0.tgz 0ms (cache hit)
491 http cache busboy@https://registry.npmjs.org/busboy/-/busboy-1.6.0.tgz 0ms (cache hit)
492 http cache append-field@https://registry.npmjs.org/append-field/-/append-field-1.0.0.tgz 0ms (cache hit)
493 http cache mime-db@https://registry.npmjs.org/mime-db/-/mime-db-1.54.0.tgz 0ms (cache hit)
494 http cache safer-buffer@https://registry.npmjs.org/safer-buffer/-/safer-buffer-2.1.2.tgz 0ms (cache hit)
495 http cache toidentifier@https://registry.npmjs.org/toidentifier/-/toidentifier-1.0.1.tgz 0ms (cache hit)
496 http cache setprototypeof@https://registry.npmjs.org/setprototypeof/-/setprototypeof-1.2.0.tgz 0ms (cache hit)
497 http cache inherits@https://registry.npmjs.org/inherits/-/inherits-2.0.4.tgz 0ms (cache hit)
498 http cache ms@https://registry.npmjs.org/ms/-/ms-2.1.3.tgz 0ms (cache hit)
499 http cache raw-body@https://registry.npmjs.org/raw-body/-/raw-body-3.0.2.tgz 0ms (cache hit)
500 http cache iconv-lite@https://registry.npmjs.org/iconv-lite/-/iconv-lite-0.7.3.tgz 0ms (cache hit)
501 http cache bytes@https://registry.npmjs.org/bytes/-/bytes-3.1.2.tgz 0ms (cache hit)
502 http cache negotiator@https://registry.npmjs.org/negotiator/-/negotiator-1.1.0.tgz 0ms (cache hit)
503 http cache vary@https://registry.npmjs.org/vary/-/vary-1.1.2.tgz 0ms (cache hit)
504 http cache type-is@https://registry.npmjs.org/type-is/-/type-is-2.1.0.tgz 0ms (cache hit)
505 http cache statuses@https://registry.npmjs.org/statuses/-/statuses-2.0.2.tgz 0ms (cache hit)
506 http cache serve-static@https://registry.npmjs.org/serve-static/-/serve-static-2.2.1.tgz 1ms (cache hit)
507 http cache send@https://registry.npmjs.org/send/-/send-1.2.1.tgz 0ms (cache hit)
508 http cache router@https://registry.npmjs.org/router/-/router-2.2.0.tgz 0ms (cache hit)
509 http cache range-parser@https://registry.npmjs.org/range-parser/-/range-parser-1.3.0.tgz 0ms (cache hit)
510 http cache qs@https://registry.npmjs.org/qs/-/qs-6.16.0.tgz 0ms (cache hit)
511 http cache proxy-addr@https://registry.npmjs.org/proxy-addr/-/proxy-addr-2.0.7.tgz 0ms (cache hit)
512 http cache parseurl@https://registry.npmjs.org/parseurl/-/parseurl-1.3.3.tgz 0ms (cache hit)
513 http cache once@https://registry.npmjs.org/once/-/once-1.4.0.tgz 0ms (cache hit)
514 http cache on-finished@https://registry.npmjs.org/on-finished/-/on-finished-2.4.1.tgz 0ms (cache hit)
515 http cache mime-types@https://registry.npmjs.org/mime-types/-/mime-types-3.0.2.tgz 0ms (cache hit)
516 http cache merge-descriptors@https://registry.npmjs.org/merge-descriptors/-/merge-descriptors-2.0.0.tgz 0ms (cache hit)
517 http cache http-errors@https://registry.npmjs.org/http-errors/-/http-errors-2.0.1.tgz 1ms (cache hit)
518 http cache fresh@https://registry.npmjs.org/fresh/-/fresh-2.0.0.tgz 0ms (cache hit)
519 http cache finalhandler@https://registry.npmjs.org/finalhandler/-/finalhandler-2.1.1.tgz 0ms (cache hit)
520 http cache etag@https://registry.npmjs.org/etag/-/etag-1.8.1.tgz 0ms (cache hit)
521 http cache escape-html@https://registry.npmjs.org/escape-html/-/escape-html-1.0.3.tgz 0ms (cache hit)
522 http cache encodeurl@https://registry.npmjs.org/encodeurl/-/encodeurl-2.0.0.tgz 0ms (cache hit)
523 http cache depd@https://registry.npmjs.org/depd/-/depd-2.0.0.tgz 0ms (cache hit)
524 http cache debug@https://registry.npmjs.org/debug/-/debug-4.4.3.tgz 0ms (cache hit)
525 http cache cookie-signature@https://registry.npmjs.org/cookie-signature/-/cookie-signature-1.2.2.tgz 0ms (cache hit)
526 http cache cookie@https://registry.npmjs.org/cookie/-/cookie-0.7.2.tgz 0ms (cache hit)
527 http cache content-type@https://registry.npmjs.org/content-type/-/content-type-1.0.5.tgz 0ms (cache hit)
528 http cache content-disposition@https://registry.npmjs.org/content-disposition/-/content-disposition-1.1.0.tgz 0ms (cache hit)
529 http cache body-parser@https://registry.npmjs.org/body-parser/-/body-parser-2.3.0.tgz 0ms (cache hit)
530 http cache accepts@https://registry.npmjs.org/accepts/-/accepts-2.0.0.tgz 1ms (cache hit)
531 http cache multer@https://registry.npmjs.org/multer/-/multer-2.3.0.tgz 0ms (cache hit)
532 http cache express@https://registry.npmjs.org/express/-/express-5.2.1.tgz 0ms (cache hit)
533 http cache content-type@https://registry.npmjs.org/content-type/-/content-type-2.1.0.tgz 0ms (cache hit)
534 http cache content-type@https://registry.npmjs.org/content-type/-/content-type-2.1.0.tgz 0ms (cache hit)
535 http cache content-type@https://registry.npmjs.org/content-type/-/content-type-2.1.0.tgz 1ms (cache hit)
536 http cache mime-db@https://registry.npmjs.org/mime-db/-/mime-db-1.52.0.tgz 0ms (cache hit)
537 http cache mime-types@https://registry.npmjs.org/mime-types/-/mime-types-2.1.35.tgz 0ms (cache hit)
538 http cache media-typer@https://registry.npmjs.org/media-typer/-/media-typer-0.3.0.tgz 0ms (cache hit)
539 http cache type-is@https://registry.npmjs.org/type-is/-/type-is-1.6.18.tgz 1ms (cache hit)
540 silly tarball no local data for safe-buffer@https://registry.npmjs.org/safe-buffer/-/safe-buffer-5.2.1.tgz. Extracting by manifest.
541 silly tarball no local data for media-typer@https://registry.npmjs.org/media-typer/-/media-typer-1.1.1.tgz. Extracting by manifest.
542 silly tarball no local data for call-bound@https://registry.npmjs.org/call-bound/-/call-bound-1.0.4.tgz. Extracting by manifest.
543 silly tarball no local data for side-channel-weakmap@https://registry.npmjs.org/side-channel-weakmap/-/side-channel-weakmap-1.0.2.tgz. Extracting by manifest.
544 silly tarball no local data for side-channel-map@https://registry.npmjs.org/side-channel-map/-/side-channel-map-1.0.1.tgz. Extracting by manifest.
545 silly tarball no local data for side-channel-list@https://registry.npmjs.org/side-channel-list/-/side-channel-list-1.0.1.tgz. Extracting by manifest.
546 silly tarball no local data for object-inspect@https://registry.npmjs.org/object-inspect/-/object-inspect-1.13.4.tgz. Extracting by manifest.
547 silly tarball no local data for path-to-regexp@https://registry.npmjs.org/path-to-regexp/-/path-to-regexp-8.4.2.tgz. Extracting by manifest.
548 silly tarball no local data for is-promise@https://registry.npmjs.org/is-promise/-/is-promise-4.0.0.tgz. Extracting by manifest.
549 silly tarball no local data for util-deprecate@https://registry.npmjs.org/util-deprecate/-/util-deprecate-1.0.2.tgz. Extracting by manifest.
550 silly tarball no local data for string_decoder@https://registry.npmjs.org/string_decoder/-/string_decoder-1.3.0.tgz. Extracting by manifest.
551 silly tarball no local data for unpipe@https://registry.npmjs.org/unpipe/-/unpipe-1.0.0.tgz. Extracting by manifest.
552 silly tarball no local data for ipaddr.js@https://registry.npmjs.org/ipaddr.js/-/ipaddr.js-1.9.1.tgz. Extracting by manifest.
553 silly tarball no local data for side-channel@https://registry.npmjs.org/side-channel/-/side-channel-1.1.1.tgz. Extracting by manifest.
554 silly tarball no local data for forwarded@https://registry.npmjs.org/forwarded/-/forwarded-0.2.0.tgz. Extracting by manifest.
555 silly tarball no local data for wrappy@https://registry.npmjs.org/wrappy/-/wrappy-1.0.2.tgz. Extracting by manifest.
556 silly tarball no local data for ee-first@https://registry.npmjs.org/ee-first/-/ee-first-1.1.1.tgz. Extracting by manifest.
557 silly tarball no local data for typedarray@https://registry.npmjs.org/typedarray/-/typedarray-0.0.6.tgz. Extracting by manifest.
558 silly tarball no local data for readable-stream@https://registry.npmjs.org/readable-stream/-/readable-stream-3.6.2.tgz. Extracting by manifest.
559 silly tarball no local data for buffer-from@https://registry.npmjs.org/buffer-from/-/buffer-from-1.1.2.tgz. Extracting by manifest.
560 silly tarball no local data for streamsearch@https://registry.npmjs.org/streamsearch/-/streamsearch-1.1.0.tgz. Extracting by manifest.
561 silly tarball no local data for concat-stream@https://registry.npmjs.org/concat-stream/-/concat-stream-2.0.0.tgz. Extracting by manifest.
562 silly tarball no local data for busboy@https://registry.npmjs.org/busboy/-/busboy-1.6.0.tgz. Extracting by manifest.
563 silly tarball no local data for append-field@https://registry.npmjs.org/append-field/-/append-field-1.0.0.tgz. Extracting by manifest.
564 silly tarball no local data for mime-db@https://registry.npmjs.org/mime-db/-/mime-db-1.54.0.tgz. Extracting by manifest.
565 silly tarball no local data for safer-buffer@https://registry.npmjs.org/safer-buffer/-/safer-buffer-2.1.2.tgz. Extracting by manifest.
566 silly tarball no local data for toidentifier@https://registry.npmjs.org/toidentifier/-/toidentifier-1.0.1.tgz. Extracting by manifest.
567 silly tarball no local data for setprototypeof@https://registry.npmjs.org/setprototypeof/-/setprototypeof-1.2.0.tgz. Extracting by manifest.
568 silly tarball no local data for inherits@https://registry.npmjs.org/inherits/-/inherits-2.0.4.tgz. Extracting by manifest.
569 silly tarball no local data for ms@https://registry.npmjs.org/ms/-/ms-2.1.3.tgz. Extracting by manifest.
570 silly tarball no local data for raw-body@https://registry.npmjs.org/raw-body/-/raw-body-3.0.2.tgz. Extracting by manifest.
571 silly tarball no local data for iconv-lite@https://registry.npmjs.org/iconv-lite/-/iconv-lite-0.7.3.tgz. Extracting by manifest.
572 silly tarball no local data for bytes@https://registry.npmjs.org/bytes/-/bytes-3.1.2.tgz. Extracting by manifest.
573 silly tarball no local data for negotiator@https://registry.npmjs.org/negotiator/-/negotiator-1.1.0.tgz. Extracting by manifest.
574 silly tarball no local data for vary@https://registry.npmjs.org/vary/-/vary-1.1.2.tgz. Extracting by manifest.
575 silly tarball no local data for type-is@https://registry.npmjs.org/type-is/-/type-is-2.1.0.tgz. Extracting by manifest.
576 silly tarball no local data for statuses@https://registry.npmjs.org/statuses/-/statuses-2.0.2.tgz. Extracting by manifest.
577 silly tarball no local data for serve-static@https://registry.npmjs.org/serve-static/-/serve-static-2.2.1.tgz. Extracting by manifest.
578 silly tarball no local data for send@https://registry.npmjs.org/send/-/send-1.2.1.tgz. Extracting by manifest.
579 silly tarball no local data for router@https://registry.npmjs.org/router/-/router-2.2.0.tgz. Extracting by manifest.
580 silly tarball no local data for range-parser@https://registry.npmjs.org/range-parser/-/range-parser-1.3.0.tgz. Extracting by manifest.
581 silly tarball no local data for qs@https://registry.npmjs.org/qs/-/qs-6.16.0.tgz. Extracting by manifest.
582 silly tarball no local data for proxy-addr@https://registry.npmjs.org/proxy-addr/-/proxy-addr-2.0.7.tgz. Extracting by manifest.
583 silly tarball no local data for parseurl@https://registry.npmjs.org/parseurl/-/parseurl-1.3.3.tgz. Extracting by manifest.
584 silly tarball no local data for once@https://registry.npmjs.org/once/-/once-1.4.0.tgz. Extracting by manifest.
585 silly tarball no local data for on-finished@https://registry.npmjs.org/on-finished/-/on-finished-2.4.1.tgz. Extracting by manifest.
586 silly tarball no local data for mime-types@https://registry.npmjs.org/mime-types/-/mime-types-3.0.2.tgz. Extracting by manifest.
587 silly tarball no local data for merge-descriptors@https://registry.npmjs.org/merge-descriptors/-/merge-descriptors-2.0.0.tgz. Extracting by manifest.
588 silly tarball no local data for http-errors@https://registry.npmjs.org/http-errors/-/http-errors-2.0.1.tgz. Extracting by manifest.
589 silly tarball no local data for fresh@https://registry.npmjs.org/fresh/-/fresh-2.0.0.tgz. Extracting by manifest.
590 silly tarball no local data for finalhandler@https://registry.npmjs.org/finalhandler/-/finalhandler-2.1.1.tgz. Extracting by manifest.
591 silly tarball no local data for etag@https://registry.npmjs.org/etag/-/etag-1.8.1.tgz. Extracting by manifest.
592 silly tarball no local data for escape-html@https://registry.npmjs.org/escape-html/-/escape-html-1.0.3.tgz. Extracting by manifest.
593 silly tarball no local data for encodeurl@https://registry.npmjs.org/encodeurl/-/encodeurl-2.0.0.tgz. Extracting by manifest.
594 silly tarball no local data for depd@https://registry.npmjs.org/depd/-/depd-2.0.0.tgz. Extracting by manifest.
595 silly tarball no local data for debug@https://registry.npmjs.org/debug/-/debug-4.4.3.tgz. Extracting by manifest.
596 silly tarball no local data for cookie-signature@https://registry.npmjs.org/cookie-signature/-/cookie-signature-1.2.2.tgz. Extracting by manifest.
597 silly tarball no local data for cookie@https://registry.npmjs.org/cookie/-/cookie-0.7.2.tgz. Extracting by manifest.
598 silly tarball no local data for content-type@https://registry.npmjs.org/content-type/-/content-type-1.0.5.tgz. Extracting by manifest.
599 silly tarball no local data for content-disposition@https://registry.npmjs.org/content-disposition/-/content-disposition-1.1.0.tgz. Extracting by manifest.
600 silly tarball no local data for body-parser@https://registry.npmjs.org/body-parser/-/body-parser-2.3.0.tgz. Extracting by manifest.
601 silly tarball no local data for accepts@https://registry.npmjs.org/accepts/-/accepts-2.0.0.tgz. Extracting by manifest.
602 silly tarball no local data for multer@https://registry.npmjs.org/multer/-/multer-2.3.0.tgz. Extracting by manifest.
603 silly tarball no local data for express@https://registry.npmjs.org/express/-/express-5.2.1.tgz. Extracting by manifest.
604 silly tarball no local data for content-type@https://registry.npmjs.org/content-type/-/content-type-2.1.0.tgz. Extracting by manifest.
605 silly tarball no local data for content-type@https://registry.npmjs.org/content-type/-/content-type-2.1.0.tgz. Extracting by manifest.
606 silly tarball no local data for content-type@https://registry.npmjs.org/content-type/-/content-type-2.1.0.tgz. Extracting by manifest.
607 silly tarball no local data for media-typer@https://registry.npmjs.org/media-typer/-/media-typer-0.3.0.tgz. Extracting by manifest.
608 silly tarball no local data for type-is@https://registry.npmjs.org/type-is/-/type-is-1.6.18.tgz. Extracting by manifest.
609 http fetch GET 200 https://registry.npmjs.org/media-typer/-/media-typer-1.1.1.tgz 3122ms (cache miss)
610 http fetch GET 200 https://registry.npmjs.org/side-channel-weakmap/-/side-channel-weakmap-1.0.2.tgz 3372ms (cache miss)
611 http fetch GET 200 https://registry.npmjs.org/call-bound/-/call-bound-1.0.4.tgz 3462ms (cache miss)
612 http fetch GET 200 https://registry.npmjs.org/wrappy/-/wrappy-1.0.2.tgz 3403ms (cache miss)
613 http fetch GET 200 https://registry.npmjs.org/ee-first/-/ee-first-1.1.1.tgz 3405ms (cache miss)
614 http fetch GET 200 https://registry.npmjs.org/toidentifier/-/toidentifier-1.0.1.tgz 3364ms (cache miss)
615 http fetch GET 200 https://registry.npmjs.org/safe-buffer/-/safe-buffer-5.2.1.tgz 3570ms (cache miss)
616 http fetch GET 200 https://registry.npmjs.org/side-channel-list/-/side-channel-list-1.0.1.tgz 3543ms (cache miss)
617 http fetch GET 200 https://registry.npmjs.org/buffer-from/-/buffer-from-1.1.2.tgz 3479ms (cache miss)
618 http fetch GET 200 https://registry.npmjs.org/concat-stream/-/concat-stream-2.0.0.tgz 3478ms (cache miss)
619 http fetch GET 200 https://registry.npmjs.org/side-channel-map/-/side-channel-map-1.0.1.tgz 3624ms (cache miss)
620 http fetch GET 200 https://registry.npmjs.org/typedarray/-/typedarray-0.0.6.tgz 3562ms (cache miss)
621 http fetch GET 200 https://registry.npmjs.org/append-field/-/append-field-1.0.0.tgz 3537ms (cache miss)
622 http fetch GET 200 https://registry.npmjs.org/streamsearch/-/streamsearch-1.1.0.tgz 3595ms (cache miss)
623 http fetch GET 200 https://registry.npmjs.org/safer-buffer/-/safer-buffer-2.1.2.tgz 3571ms (cache miss)
624 http fetch GET 200 https://registry.npmjs.org/setprototypeof/-/setprototypeof-1.2.0.tgz 3568ms (cache miss)
625 http fetch GET 200 https://registry.npmjs.org/range-parser/-/range-parser-1.3.0.tgz 3512ms (cache miss)
626 http fetch GET 200 https://registry.npmjs.org/is-promise/-/is-promise-4.0.0.tgz 3716ms (cache miss)
627 http fetch GET 200 https://registry.npmjs.org/type-is/-/type-is-2.1.0.tgz 3585ms (cache miss)
628 http fetch GET 200 https://registry.npmjs.org/merge-descriptors/-/merge-descriptors-2.0.0.tgz 3540ms (cache miss)
629 http fetch GET 200 https://registry.npmjs.org/once/-/once-1.4.0.tgz 3559ms (cache miss)
630 http fetch GET 200 https://registry.npmjs.org/ms/-/ms-2.1.3.tgz 3657ms (cache miss)
631 http fetch GET 200 https://registry.npmjs.org/inherits/-/inherits-2.0.4.tgz 3669ms (cache miss)
632 http fetch GET 200 https://registry.npmjs.org/bytes/-/bytes-3.1.2.tgz 3655ms (cache miss)
633 http fetch GET 200 https://registry.npmjs.org/forwarded/-/forwarded-0.2.0.tgz 3752ms (cache miss)
634 http fetch GET 200 https://registry.npmjs.org/util-deprecate/-/util-deprecate-1.0.2.tgz 3780ms (cache miss)
635 http fetch GET 200 https://registry.npmjs.org/http-errors/-/http-errors-2.0.1.tgz 3593ms (cache miss)
636 http fetch GET 200 https://registry.npmjs.org/cookie/-/cookie-0.7.2.tgz 3556ms (cache miss)
637 http fetch GET 200 https://registry.npmjs.org/vary/-/vary-1.1.2.tgz 3696ms (cache miss)
638 http fetch GET 200 https://registry.npmjs.org/mime-types/-/mime-types-3.0.2.tgz 3649ms (cache miss)
639 http fetch GET 200 https://registry.npmjs.org/raw-body/-/raw-body-3.0.2.tgz 3758ms (cache miss)
640 http fetch GET 200 https://registry.npmjs.org/string_decoder/-/string_decoder-1.3.0.tgz 3867ms (cache miss)
641 http fetch GET 200 https://registry.npmjs.org/send/-/send-1.2.1.tgz 3731ms (cache miss)
642 http fetch GET 200 https://registry.npmjs.org/unpipe/-/unpipe-1.0.0.tgz 3869ms (cache miss)
643 http fetch GET 200 https://registry.npmjs.org/on-finished/-/on-finished-2.4.1.tgz 3706ms (cache miss)
644 http fetch GET 200 https://registry.npmjs.org/encodeurl/-/encodeurl-2.0.0.tgz 3672ms (cache miss)
645 http fetch GET 200 https://registry.npmjs.org/cookie-signature/-/cookie-signature-1.2.2.tgz 3665ms (cache miss)
646 http fetch GET 200 https://registry.npmjs.org/statuses/-/statuses-2.0.2.tgz 3779ms (cache miss)
647 http fetch GET 200 https://registry.npmjs.org/router/-/router-2.2.0.tgz 3770ms (cache miss)
648 http fetch GET 200 https://registry.npmjs.org/negotiator/-/negotiator-1.1.0.tgz 3804ms (cache miss)
649 http fetch GET 200 https://registry.npmjs.org/content-disposition/-/content-disposition-1.1.0.tgz 3684ms (cache miss)
650 http fetch GET 200 https://registry.npmjs.org/depd/-/depd-2.0.0.tgz 3711ms (cache miss)
651 http fetch GET 200 https://registry.npmjs.org/content-type/-/content-type-2.1.0.tgz 3659ms (cache miss)
652 http fetch GET 200 https://registry.npmjs.org/fresh/-/fresh-2.0.0.tgz 3757ms (cache miss)
653 http fetch GET 200 https://registry.npmjs.org/proxy-addr/-/proxy-addr-2.0.7.tgz 3795ms (cache miss)
654 http fetch GET 200 https://registry.npmjs.org/parseurl/-/parseurl-1.3.3.tgz 3793ms (cache miss)
655 http fetch GET 200 https://registry.npmjs.org/content-type/-/content-type-1.0.5.tgz 3725ms (cache miss)
656 http fetch GET 200 https://registry.npmjs.org/escape-html/-/escape-html-1.0.3.tgz 3758ms (cache miss)
657 http fetch GET 200 https://registry.npmjs.org/media-typer/-/media-typer-0.3.0.tgz 3692ms (cache miss)
658 http fetch GET 200 https://registry.npmjs.org/type-is/-/type-is-1.6.18.tgz 3689ms (cache miss)
659 http fetch GET 200 https://registry.npmjs.org/content-type/-/content-type-2.1.0.tgz 3724ms (cache miss)
660 http fetch GET 200 https://registry.npmjs.org/content-type/-/content-type-2.1.0.tgz 3722ms (cache miss)
661 http fetch GET 200 https://registry.npmjs.org/accepts/-/accepts-2.0.0.tgz 3745ms (cache miss)
662 http fetch GET 200 https://registry.npmjs.org/serve-static/-/serve-static-2.2.1.tgz 3869ms (cache miss)
663 http fetch GET 200 https://registry.npmjs.org/finalhandler/-/finalhandler-2.1.1.tgz 3811ms (cache miss)
664 http fetch GET 200 https://registry.npmjs.org/etag/-/etag-1.8.1.tgz 3820ms (cache miss)
665 http fetch GET 200 https://registry.npmjs.org/side-channel/-/side-channel-1.1.1.tgz 4044ms (cache miss)
666 http fetch GET 200 https://registry.npmjs.org/mime-db/-/mime-db-1.54.0.tgz 4000ms (cache miss)
667 http fetch GET 200 https://registry.npmjs.org/path-to-regexp/-/path-to-regexp-8.4.2.tgz 4097ms (cache miss)
668 http fetch GET 200 https://registry.npmjs.org/ipaddr.js/-/ipaddr.js-1.9.1.tgz 4086ms (cache miss)
669 http fetch GET 200 https://registry.npmjs.org/multer/-/multer-2.3.0.tgz 3848ms (cache miss)
670 http fetch GET 200 https://registry.npmjs.org/express/-/express-5.2.1.tgz 3864ms (cache miss)
671 http fetch GET 200 https://registry.npmjs.org/debug/-/debug-4.4.3.tgz 3920ms (cache miss)
672 http fetch GET 200 https://registry.npmjs.org/body-parser/-/body-parser-2.3.0.tgz 3958ms (cache miss)
673 http fetch GET 200 https://registry.npmjs.org/busboy/-/busboy-1.6.0.tgz 4185ms (cache miss)
674 http fetch GET 200 https://registry.npmjs.org/qs/-/qs-6.16.0.tgz 4159ms (cache miss)
675 http fetch GET 200 https://registry.npmjs.org/object-inspect/-/object-inspect-1.13.4.tgz 4347ms (cache miss)
676 http fetch GET 200 https://registry.npmjs.org/readable-stream/-/readable-stream-3.6.2.tgz 4292ms (cache miss)
677 http fetch GET 200 https://registry.npmjs.org/iconv-lite/-/iconv-lite-0.7.3.tgz 4256ms (cache miss)
678 silly ADD node_modules/media-typer
679 silly ADD node_modules/safe-buffer
680 silly ADD node_modules/dunder-proto
681 silly ADD node_modules/math-intrinsics
682 silly ADD node_modules/hasown
683 silly ADD node_modules/has-symbols
684 silly ADD node_modules/gopd
685 silly ADD node_modules/get-proto
686 silly ADD node_modules/es-object-atoms
687 silly ADD node_modules/function-bind
688 silly ADD node_modules/call-bind-apply-helpers
689 silly ADD node_modules/get-intrinsic
690 silly ADD node_modules/call-bound
691 silly ADD node_modules/side-channel-weakmap
692 silly ADD node_modules/side-channel-map
693 silly ADD node_modules/side-channel-list
694 silly ADD node_modules/object-inspect
695 silly ADD node_modules/es-errors
696 silly ADD node_modules/path-to-regexp
697 silly ADD node_modules/is-promise
698 silly ADD node_modules/util-deprecate
699 silly ADD node_modules/string_decoder
700 silly ADD node_modules/unpipe
701 silly ADD node_modules/side-channel
702 silly ADD node_modules/es-define-property
703 silly ADD node_modules/ipaddr.js
704 silly ADD node_modules/forwarded
705 silly ADD node_modules/wrappy
706 silly ADD node_modules/ee-first
707 silly ADD node_modules/typedarray
708 silly ADD node_modules/readable-stream
709 silly ADD node_modules/buffer-from
710 silly ADD node_modules/streamsearch
711 silly ADD node_modules/concat-stream
712 silly ADD node_modules/busboy
713 silly ADD node_modules/append-field
714 silly ADD node_modules/mime-db
715 silly ADD node_modules/safer-buffer
716 silly ADD node_modules/toidentifier
717 silly ADD node_modules/setprototypeof
718 silly ADD node_modules/inherits
719 silly ADD node_modules/ms
720 silly ADD node_modules/raw-body
721 silly ADD node_modules/iconv-lite
722 silly ADD node_modules/bytes
723 silly ADD node_modules/negotiator
724 silly ADD node_modules/negotiator/node_modules/content-type
725 silly ADD node_modules/vary
726 silly ADD node_modules/type-is
727 silly ADD node_modules/type-is/node_modules/content-type
728 silly ADD node_modules/statuses
729 silly ADD node_modules/serve-static
730 silly ADD node_modules/send
731 silly ADD node_modules/router
732 silly ADD node_modules/range-parser
733 silly ADD node_modules/qs
734 silly ADD node_modules/proxy-addr
735 silly ADD node_modules/parseurl
736 silly ADD node_modules/once
737 silly ADD node_modules/on-finished
738 silly ADD node_modules/mime-types
739 silly ADD node_modules/merge-descriptors
740 silly ADD node_modules/http-errors
741 silly ADD node_modules/fresh
742 silly ADD node_modules/finalhandler
743 silly ADD node_modules/etag
744 silly ADD node_modules/escape-html
745 silly ADD node_modules/encodeurl
746 silly ADD node_modules/depd
747 silly ADD node_modules/debug
748 silly ADD node_modules/cookie-signature
749 silly ADD node_modules/cookie
750 silly ADD node_modules/content-type
751 silly ADD node_modules/content-disposition
752 silly ADD node_modules/body-parser
753 silly ADD node_modules/body-parser/node_modules/content-type
754 silly ADD node_modules/accepts
755 silly ADD node_modules/multer
756 silly ADD node_modules/multer/node_modules/mime-db
757 silly ADD node_modules/multer/node_modules/mime-types
758 silly ADD node_modules/multer/node_modules/media-typer
759 silly ADD node_modules/multer/node_modules/type-is
760 silly ADD node_modules/express
761 verbose cwd /data/data/com.termux/files/home/yt-app-data/media
762 verbose os Linux 6.6.89-android15-8-g5a0ffb447c1d-ab13771415-4k
763 verbose node v26.4.0
764 verbose npm  v11.19.1
765 verbose exit 0
766 info ok
