2026-09-09T13:43:56.166+0000 [DEBUG] [org.gradle.launcher.daemon.bootstrap.DaemonMain] Assuming the daemon was started with following jvm opts: [--add-opens, java.base/java.util=ALL-UNNAMED, --add-opens, java.base/java.lang=ALL-UNNAMED, --add-opens, java.base/java.lang.invoke=ALL-UNNAMED, --add-opens, java.base/java.util=ALL-UNNAMED, --add-opens, java.prefs/java.util.prefs=ALL-UNNAMED, --add-opens, java.prefs/java.util.prefs=ALL-UNNAMED, --add-opens, java.base/java.nio.charset=ALL-UNNAMED, --add-opens, java.base/java.net=ALL-UNNAMED, --add-opens, java.base/java.util.concurrent.atomic=ALL-UNNAMED, -Xmx512m, -Dfile.encoding=UTF-8, -Duser.country, -Duser.language=en, -Duser.variant]
2026-09-09T13:43:57.354+0000 [DEBUG] [org.gradle.internal.nativeintegration.filesystem.services.FileSystemServices] Native-platform file system integration is not available. Continuing with fallback.
2026-09-09T13:43:57.518+0000 [DEBUG] [org.gradle.internal.nativeintegration.filesystem.services.FileSystemServices] Using Jdk7Symlink implementation as symlink.
2026-09-09T13:43:57.584+0000 [INFO] [org.gradle.launcher.daemon.server.Daemon] start() called on daemon - DefaultDaemonContext[uid=bdc5edca-2429-4ff6-a42c-8d06f66bbb9c,javaHome=/data/data/com.termux/files/usr/lib/jvm/java-17-openjdk,daemonRegistryDir=/data/data/com.termux/files/home/.gradle/daemon,pid=18782,idleTimeout=120000,priority=NORMAL,daemonOpts=--add-opens,java.base/java.util=ALL-UNNAMED,--add-opens,java.base/java.lang=ALL-UNNAMED,--add-opens,java.base/java.lang.invoke=ALL-UNNAMED,--add-opens,java.base/java.util=ALL-UNNAMED,--add-opens,java.prefs/java.util.prefs=ALL-UNNAMED,--add-opens,java.prefs/java.util.prefs=ALL-UNNAMED,--add-opens,java.base/java.nio.charset=ALL-UNNAMED,--add-opens,java.base/java.net=ALL-UNNAMED,--add-opens,java.base/java.util.concurrent.atomic=ALL-UNNAMED,-Xmx512m,-Dfile.encoding=UTF-8,-Duser.country,-Duser.language=en,-Duser.variant]
2026-09-09T13:43:57.705+0000 [DEBUG] [org.gradle.internal.remote.internal.inet.InetAddresses] Adding IP addresses for network interface ccmni2
2026-09-09T13:43:57.708+0000 [DEBUG] [org.gradle.internal.remote.internal.inet.InetAddresses] Is this a loopback interface? false
2026-09-09T13:43:57.711+0000 [DEBUG] [org.gradle.internal.remote.internal.inet.InetAddresses] Adding remote address /100.92.239.59
2026-09-09T13:43:57.717+0000 [DEBUG] [org.gradle.internal.remote.internal.inet.InetAddresses] Adding IP addresses for network interface ccmni0
2026-09-09T13:43:57.719+0000 [DEBUG] [org.gradle.internal.remote.internal.inet.InetAddresses] Is this a loopback interface? false
2026-09-09T13:43:57.722+0000 [DEBUG] [org.gradle.internal.remote.internal.inet.InetAddresses] Adding remote address /100.91.17.102
2026-09-09T13:43:57.724+0000 [DEBUG] [org.gradle.internal.remote.internal.inet.InetAddresses] Adding IP addresses for network interface lo
2026-09-09T13:43:57.726+0000 [DEBUG] [org.gradle.internal.remote.internal.inet.InetAddresses] Is this a loopback interface? true
2026-09-09T13:43:57.728+0000 [DEBUG] [org.gradle.internal.remote.internal.inet.InetAddresses] Adding loopback address /127.0.0.1
2026-09-09T13:43:57.743+0000 [DEBUG] [org.gradle.internal.remote.internal.inet.TcpIncomingConnector] Listening on [e581317a-eb49-4c02-a493-daf667a6c350 port:35911, addresses:[localhost/127.0.0.1]].
2026-09-09T13:43:57.878+0000 [DEBUG] [org.gradle.launcher.daemon.server.Daemon] Daemon starting at: Wed Sep 09 13:43:57 GMT 2026, with address: [e581317a-eb49-4c02-a493-daf667a6c350 port:35911, addresses:[localhost/127.0.0.1]]
2026-09-09T13:43:57.882+0000 [INFO] [org.gradle.launcher.daemon.server.DaemonRegistryUpdater] Advertising the daemon address to the clients: [e581317a-eb49-4c02-a493-daf667a6c350 port:35911, addresses:[localhost/127.0.0.1]]
2026-09-09T13:43:57.888+0000 [DEBUG] [org.gradle.launcher.daemon.server.DaemonRegistryUpdater] Advertised daemon context: DefaultDaemonContext[uid=bdc5edca-2429-4ff6-a42c-8d06f66bbb9c,javaHome=/data/data/com.termux/files/usr/lib/jvm/java-17-openjdk,daemonRegistryDir=/data/data/com.termux/files/home/.gradle/daemon,pid=18782,idleTimeout=120000,priority=NORMAL,daemonOpts=--add-opens,java.base/java.util=ALL-UNNAMED,--add-opens,java.base/java.lang=ALL-UNNAMED,--add-opens,java.base/java.lang.invoke=ALL-UNNAMED,--add-opens,java.base/java.util=ALL-UNNAMED,--add-opens,java.prefs/java.util.prefs=ALL-UNNAMED,--add-opens,java.prefs/java.util.prefs=ALL-UNNAMED,--add-opens,java.base/java.nio.charset=ALL-UNNAMED,--add-opens,java.base/java.net=ALL-UNNAMED,--add-opens,java.base/java.util.concurrent.atomic=ALL-UNNAMED,-Xmx512m,-Dfile.encoding=UTF-8,-Duser.country,-Duser.language=en,-Duser.variant]
2026-09-09T13:43:57.900+0000 [DEBUG] [org.gradle.launcher.daemon.registry.PersistentDaemonRegistry] Storing daemon address: [e581317a-eb49-4c02-a493-daf667a6c350 port:35911, addresses:[localhost/127.0.0.1]], context: DefaultDaemonContext[uid=bdc5edca-2429-4ff6-a42c-8d06f66bbb9c,javaHome=/data/data/com.termux/files/usr/lib/jvm/java-17-openjdk,daemonRegistryDir=/data/data/com.termux/files/home/.gradle/daemon,pid=18782,idleTimeout=120000,priority=NORMAL,daemonOpts=--add-opens,java.base/java.util=ALL-UNNAMED,--add-opens,java.base/java.lang=ALL-UNNAMED,--add-opens,java.base/java.lang.invoke=ALL-UNNAMED,--add-opens,java.base/java.util=ALL-UNNAMED,--add-opens,java.prefs/java.util.prefs=ALL-UNNAMED,--add-opens,java.prefs/java.util.prefs=ALL-UNNAMED,--add-opens,java.base/java.nio.charset=ALL-UNNAMED,--add-opens,java.base/java.net=ALL-UNNAMED,--add-opens,java.base/java.util.concurrent.atomic=ALL-UNNAMED,-Xmx512m,-Dfile.encoding=UTF-8,-Duser.country,-Duser.language=en,-Duser.variant]
2026-09-09T13:43:58.018+0000 [DEBUG] [org.gradle.cache.internal.DefaultFileLockManager] Waiting to acquire exclusive lock on daemon addresses registry.
2026-09-09T13:43:58.061+0000 [DEBUG] [org.gradle.cache.internal.DefaultFileLockManager] Lock acquired on daemon addresses registry.
2026-09-09T13:43:58.103+0000 [DEBUG] [org.gradle.cache.internal.DefaultFileLockManager] Releasing lock on daemon addresses registry.
2026-09-09T13:43:58.106+0000 [LIFECYCLE] [org.gradle.launcher.daemon.server.Daemon] Daemon server started.
2026-09-09T13:43:58.115+0000 [DEBUG] [org.gradle.launcher.daemon.bootstrap.DaemonStartupCommunication] Completed writing the daemon greeting. Closing streams...
2026-09-09T13:43:58.163+0000 [DEBUG] [org.gradle.launcher.daemon.server.Daemon] stopOnExpiration() called on daemon
2026-09-09T13:43:58.172+0000 [DEBUG] [org.gradle.launcher.daemon.server.Daemon] awaitExpiration() called on daemon
2026-09-09T13:43:58.176+0000 [DEBUG] [org.gradle.launcher.daemon.server.DaemonStateCoordinator] daemon is running. Sleeping until state changes.
2026-09-09T13:43:58.378+0000 [DEBUG] [org.gradle.internal.remote.internal.inet.TcpIncomingConnector] Accepted connection from /127.0.0.1:34074 to /127.0.0.1:35911.
2026-09-09T13:43:58.565+0000 [DEBUG] [org.gradle.launcher.daemon.server.SynchronizedDispatchConnection] thread 20: received class org.gradle.launcher.daemon.protocol.Build
2026-09-09T13:43:58.567+0000 [DEBUG] [org.gradle.launcher.daemon.server.DefaultDaemonConnection] thread 20: Received non-IO message from client: Build{id=e6a6dcb4-57bd-4364-9523-97eb40eeea26, currentDir=/data/data/com.termux/files/home/android}
2026-09-09T13:43:58.570+0000 [INFO] [org.gradle.launcher.daemon.server.DefaultIncomingConnectionHandler] Received command: Build{id=e6a6dcb4-57bd-4364-9523-97eb40eeea26, currentDir=/data/data/com.termux/files/home/android}.
2026-09-09T13:43:58.572+0000 [DEBUG] [org.gradle.launcher.daemon.server.DefaultIncomingConnectionHandler] Starting executing command: Build{id=e6a6dcb4-57bd-4364-9523-97eb40eeea26, currentDir=/data/data/com.termux/files/home/android} with connection: socket connection from /127.0.0.1:35911 to /127.0.0.1:34074.
2026-09-09T13:43:58.594+0000 [DEBUG] [org.gradle.launcher.daemon.server.DaemonStateCoordinator] Command execution: started DaemonCommandExecution[command = Build{id=e6a6dcb4-57bd-4364-9523-97eb40eeea26, currentDir=/data/data/com.termux/files/home/android}, connection = DefaultDaemonConnection: socket connection from /127.0.0.1:35911 to /127.0.0.1:34074] after 0.0 minutes of idle
2026-09-09T13:43:58.597+0000 [INFO] [org.gradle.launcher.daemon.server.DaemonRegistryUpdater] Marking the daemon as busy, address: [e581317a-eb49-4c02-a493-daf667a6c350 port:35911, addresses:[localhost/127.0.0.1]]
2026-09-09T13:43:58.599+0000 [DEBUG] [org.gradle.launcher.daemon.registry.PersistentDaemonRegistry] Marking busy by address: [e581317a-eb49-4c02-a493-daf667a6c350 port:35911, addresses:[localhost/127.0.0.1]]
2026-09-09T13:43:58.603+0000 [DEBUG] [org.gradle.cache.internal.DefaultFileLockManager] Waiting to acquire exclusive lock on daemon addresses registry.
2026-09-09T13:43:58.606+0000 [DEBUG] [org.gradle.cache.internal.DefaultFileLockManager] Lock acquired on daemon addresses registry.
2026-09-09T13:43:58.611+0000 [DEBUG] [org.gradle.cache.internal.DefaultFileLockManager] Releasing lock on daemon addresses registry.
2026-09-09T13:43:58.613+0000 [DEBUG] [org.gradle.launcher.daemon.server.DaemonStateCoordinator] resetting idle timer
2026-09-09T13:43:58.615+0000 [DEBUG] [org.gradle.launcher.daemon.server.DaemonStateCoordinator] daemon is running. Sleeping until state changes.
2026-09-09T13:43:58.618+0000 [INFO] [org.gradle.launcher.daemon.server.exec.StartBuildOrRespondWithBusy] Daemon is about to start building Build{id=e6a6dcb4-57bd-4364-9523-97eb40eeea26, currentDir=/data/data/com.termux/files/home/android}. Dispatching build started information...
2026-09-09T13:43:58.621+0000 [DEBUG] [org.gradle.launcher.daemon.server.SynchronizedDispatchConnection] thread 22: dispatching org.gradle.launcher.daemon.protocol.BuildStarted@1c54239
2026-09-09T13:43:58.631+0000 [DEBUG] [org.gradle.launcher.daemon.server.exec.EstablishBuildEnvironment] Configuring env variables: [PATH, ANDROID_I18N_ROOT, HISTCONTROL, TERMUX_APP__SE_FILE_CONTEXT, JAVA_HOME, TERMUX_VERSION, TERM, EXTERNAL_STORAGE, LANG, TERMUX_APP__DATA_DIR, ANDROID_HOME, TERMUX_APK_RELEASE, TERMUX_APP__LEGACY_DATA_DIR, ANDROID__BUILD_VERSION_SDK, TERMUX__PREFIX, COLORTERM, ANDROID_ART_ROOT, ANDROID_ROOT, TERMUX__SE_PROCESS_CONTEXT, PWD, BOOTCLASSPATH, _, TERMUX_APP__SE_INFO, TERMUX_MAIN_PACKAGE_FORMAT, SHELL, ANDROID_DATA, TERMUX__HOME, ANDROID_TZDATA_ROOT, OLDPWD, TMPDIR, TERMUX_APP_PID, TERMUX_IS_DEBUGGABLE_BUILD, PREFIX, DEX2OATBOOTCLASSPATH, LD_PRELOAD, TERMUX__ROOTFS_DIR, HOME, SHLVL]
2026-09-09T13:43:58.638+0000 [WARN] [org.gradle.launcher.daemon.server.exec.EstablishBuildEnvironment] Warning: Unable able to set daemon's environment variables to match the client because: 
  There is no native integration with this operating environment.
  If the daemon was started with a significantly different environment from the client, and your build 
  relies on environment variables, you may experience unexpected behavior.
2026-09-09T13:43:58.647+0000 [DEBUG] [org.gradle.launcher.daemon.server.exec.LogToClient] About to start relaying all logs to the client via the connection.
2026-09-09T13:43:58.649+0000 [INFO] [org.gradle.launcher.daemon.server.exec.LogToClient] The client will now receive all logging from the daemon (pid: 18782). The daemon log file: /data/data/com.termux/files/home/.gradle/daemon/7.5/daemon-18782.out.log
2026-09-09T13:43:58.665+0000 [DEBUG] [org.gradle.launcher.daemon.server.exec.RequestStopIfSingleUsedDaemon] Requesting daemon stop after processing Build{id=e6a6dcb4-57bd-4364-9523-97eb40eeea26, currentDir=/data/data/com.termux/files/home/android}
2026-09-09T13:43:58.667+0000 [LIFECYCLE] [org.gradle.launcher.daemon.server.DaemonStateCoordinator] Daemon will be stopped at the end of the build 
2026-09-09T13:43:58.669+0000 [DEBUG] [org.gradle.launcher.daemon.server.DaemonStateCoordinator] Stop as soon as idle requested. The daemon is busy: true
2026-09-09T13:43:58.672+0000 [DEBUG] [org.gradle.launcher.daemon.server.DaemonStateCoordinator] daemon stop has been requested. Sleeping until state changes.
2026-09-09T13:43:58.698+0000 [DEBUG] [org.gradle.launcher.daemon.server.exec.ExecuteBuild] The daemon has started executing the build.
2026-09-09T13:43:58.701+0000 [DEBUG] [org.gradle.launcher.daemon.server.exec.ExecuteBuild] Executing build with daemon context: DefaultDaemonContext[uid=bdc5edca-2429-4ff6-a42c-8d06f66bbb9c,javaHome=/data/data/com.termux/files/usr/lib/jvm/java-17-openjdk,daemonRegistryDir=/data/data/com.termux/files/home/.gradle/daemon,pid=18782,idleTimeout=120000,priority=NORMAL,daemonOpts=--add-opens,java.base/java.util=ALL-UNNAMED,--add-opens,java.base/java.lang=ALL-UNNAMED,--add-opens,java.base/java.lang.invoke=ALL-UNNAMED,--add-opens,java.base/java.util=ALL-UNNAMED,--add-opens,java.prefs/java.util.prefs=ALL-UNNAMED,--add-opens,java.prefs/java.util.prefs=ALL-UNNAMED,--add-opens,java.base/java.nio.charset=ALL-UNNAMED,--add-opens,java.base/java.net=ALL-UNNAMED,--add-opens,java.base/java.util.concurrent.atomic=ALL-UNNAMED,-Xmx512m,-Dfile.encoding=UTF-8,-Duser.country,-Duser.language=en,-Duser.variant]
WARNING:Using flatDir should be avoided because it doesn't support any meta-data formats.
WARNING:Using flatDir should be avoided because it doesn't support any meta-data formats.
Warning: SDK processing. This version only understands SDK XML versions up to 3 but an SDK XML file of version 4 was encountered. This can happen if you use versions of Android Studio and the command-line tools that were released at different times.
WARNING:We recommend using a newer Android Gradle plugin to use compileSdk = 36

This Android Gradle plugin (7.4.2) was tested up to compileSdk = 33

This warning can be suppressed by adding
    android.suppressUnsupportedCompileSdk=36
to this project's gradle.properties

The build will continue, but you are strongly encouraged to update your project to
use a newer Android Gradle Plugin that has been tested with compileSdk = 36
Note: Some input files use unchecked or unsafe operations.
Note: Recompile with -Xlint:unchecked for details.
AAPT2 aapt2-7.4.2-8841542-linux Daemon #1: Unexpected error output: /data/data/com.termux/files/home/.gradle/caches/transforms-3/61b6587677c613ebaa173af27cc58391/transformed/aapt2-7.4.2-8841542-linux/aapt2: 1: Syntax error: word unexpected (expecting ")")
AAPT2 aapt2-7.4.2-8841542-linux Daemon #0: Unexpected error output: /data/data/com.termux/files/home/.gradle/caches/transforms-3/61b6587677c613ebaa173af27cc58391/transformed/aapt2-7.4.2-8841542-linux/aapt2: 1: Syntax error: word unexpected (expecting ")")

FAILURE: Build failed with an exception.

* What went wrong:
Execution failed for task ':app:processDebugResources'.
> Could not resolve all files for configuration ':app:debugRuntimeClasspath'.
   > Failed to transform appcompat-1.6.1.aar (androidx.appcompat:appcompat:1.6.1) to match attributes {artifactType=android-compiled-dependencies-resources, org.gradle.category=library, org.gradle.dependency.bundling=external, org.gradle.libraryelements=aar, org.gradle.status=release, org.gradle.usage=java-runtime}.
      > Execution failed for AarResourcesCompilerTransform: /data/data/com.termux/files/home/.gradle/caches/transforms-3/b450ec9f42de1561023534cf0fe5010c/transformed/appcompat-1.6.1.
         > AAPT2 aapt2-7.4.2-8841542-linux Daemon #0: AAPT2 is not supported on 32-bit Linux, see supported systems on https://developer.android.com/studio#system-requirements-a-namerequirementsa

   > Failed to transform core-1.10.1.aar (androidx.core:core:1.10.1) to match attributes {artifactType=android-compiled-dependencies-resources, org.gradle.category=library, org.gradle.dependency.bundling=external, org.gradle.libraryelements=aar, org.gradle.status=release, org.gradle.usage=java-runtime}.
      > Execution failed for AarResourcesCompilerTransform: /data/data/com.termux/files/home/.gradle/caches/transforms-3/1b9e020d21dbd1206055e88b9a6ac9ef/transformed/core-1.10.1.
         > AAPT2 aapt2-7.4.2-8841542-linux Daemon #1: AAPT2 is not supported on 32-bit Linux, see supported systems on https://developer.android.com/studio#system-requirements-a-namerequirementsa

   > Failed to transform core-1.10.1.aar (androidx.core:core:1.10.1) to match attributes {artifactType=android-compiled-dependencies-resources, org.gradle.status=release}.
      > Execution failed for AarResourcesCompilerTransform: /data/data/com.termux/files/home/.gradle/caches/transforms-3/1b9e020d21dbd1206055e88b9a6ac9ef/transformed/core-1.10.1.
         > AAPT2 aapt2-7.4.2-8841542-linux Daemon #1: AAPT2 is not supported on 32-bit Linux, see supported systems on https://developer.android.com/studio#system-requirements-a-namerequirementsa

   > Failed to transform core-1.10.1.aar (androidx.core:core:1.10.1) to match attributes {artifactType=android-compiled-dependencies-resources, org.gradle.status=release}.
      > Execution failed for AarResourcesCompilerTransform: /data/data/com.termux/files/home/.gradle/caches/transforms-3/1b9e020d21dbd1206055e88b9a6ac9ef/transformed/core-1.10.1.
         > AAPT2 aapt2-7.4.2-8841542-linux Daemon #1: AAPT2 is not supported on 32-bit Linux, see supported systems on https://developer.android.com/studio#system-requirements-a-namerequirementsa

   > Failed to transform core-1.10.1.aar (androidx.core:core:1.10.1) to match attributes {artifactType=android-compiled-dependencies-resources, org.gradle.status=release}.
      > Execution failed for AarResourcesCompilerTransform: /data/data/com.termux/files/home/.gradle/caches/transforms-3/1b9e020d21dbd1206055e88b9a6ac9ef/transformed/core-1.10.1.
         > AAPT2 aapt2-7.4.2-8841542-linux Daemon #1: AAPT2 is not supported on 32-bit Linux, see supported systems on https://developer.android.com/studio#system-requirements-a-namerequirementsa

   > Failed to transform core-1.10.1.aar (androidx.core:core:1.10.1) to match attributes {artifactType=android-compiled-dependencies-resources, org.gradle.status=release}.
      > Execution failed for AarResourcesCompilerTransform: /data/data/com.termux/files/home/.gradle/caches/transforms-3/1b9e020d21dbd1206055e88b9a6ac9ef/transformed/core-1.10.1.
         > AAPT2 aapt2-7.4.2-8841542-linux Daemon #1: AAPT2 is not supported on 32-bit Linux, see supported systems on https://developer.android.com/studio#system-requirements-a-namerequirementsa

   > Failed to transform core-1.10.1.aar (androidx.core:core:1.10.1) to match attributes {artifactType=android-compiled-dependencies-resources, org.gradle.status=release}.
      > Execution failed for AarResourcesCompilerTransform: /data/data/com.termux/files/home/.gradle/caches/transforms-3/1b9e020d21dbd1206055e88b9a6ac9ef/transformed/core-1.10.1.
         > AAPT2 aapt2-7.4.2-8841542-linux Daemon #1: AAPT2 is not supported on 32-bit Linux, see supported systems on https://developer.android.com/studio#system-requirements-a-namerequirementsa


* Try:
> Run with --stacktrace option to get the stack trace.
> Run with --info or --debug option to get more log output.
> Run with --scan to get full insights.

* Get more help at https://help.gradle.org

BUILD FAILED in 3m 14s
51 actionable tasks: 50 executed, 1 up-to-date
2026-09-09T13:47:00.669+0000 [DEBUG] [org.gradle.launcher.daemon.server.exec.ExecuteBuild] The daemon has finished executing the build.
2026-09-09T13:47:00.679+0000 [DEBUG] [org.gradle.launcher.daemon.server.DaemonStateCoordinator] daemon stop has been requested. Sleeping until state changes.
2026-09-09T13:47:00.680+0000 [DEBUG] [org.gradle.launcher.daemon.server.DaemonStateCoordinator] Command execution: finished waiting for DaemonCommandExecution[command = Build{id=e6a6dcb4-57bd-4364-9523-97eb40eeea26, currentDir=/data/data/com.termux/files/home/android}, connection = DefaultDaemonConnection: socket connection from /127.0.0.1:35911 to /127.0.0.1:34074]. Result org.gradle.launcher.daemon.server.DaemonStateCoordinator@1c846d6 with state StopRequested
2026-09-09T13:47:00.682+0000 [DEBUG] [org.gradle.launcher.daemon.server.DaemonStateCoordinator] Command execution: completed DaemonCommandExecution[command = Build{id=e6a6dcb4-57bd-4364-9523-97eb40eeea26, currentDir=/data/data/com.termux/files/home/android}, connection = DefaultDaemonConnection: socket connection from /127.0.0.1:35911 to /127.0.0.1:34074]
2026-09-09T13:47:00.683+0000 [DEBUG] [org.gradle.launcher.daemon.server.DaemonStateCoordinator] resetting idle timer
2026-09-09T13:47:00.684+0000 [DEBUG] [org.gradle.launcher.daemon.server.DaemonStateCoordinator] Marking daemon stopped due to command completed and stop requested. The daemon is running a build: false
2026-09-09T13:47:00.686+0000 [DEBUG] [org.gradle.launcher.daemon.server.DaemonStateCoordinator] daemon has stopped.
2026-09-09T13:47:00.686+0000 [DEBUG] [org.gradle.launcher.daemon.server.exec.ReturnResult] Daemon is dispatching the build result: Success[value=org.gradle.launcher.exec.BuildActionResult@1770c56]
2026-09-09T13:47:00.688+0000 [DEBUG] [org.gradle.launcher.daemon.server.Daemon] stop() called on daemon
2026-09-09T13:47:00.689+0000 [DEBUG] [org.gradle.launcher.daemon.server.SynchronizedDispatchConnection] thread 19: dispatching Success[value=org.gradle.launcher.exec.BuildActionResult@1770c56]
2026-09-09T13:47:00.692+0000 [INFO] [org.gradle.launcher.daemon.server.Daemon] Stop requested. Daemon is removing its presence from the registry...
2026-09-09T13:47:00.694+0000 [DEBUG] [org.gradle.launcher.daemon.server.DaemonRegistryUpdater] Removing our presence to clients, eg. removing this address from the registry: [e581317a-eb49-4c02-a493-daf667a6c350 port:35911, addresses:[localhost/127.0.0.1]]
2026-09-09T13:47:00.696+0000 [DEBUG] [org.gradle.launcher.daemon.registry.PersistentDaemonRegistry] Removing daemon address: [e581317a-eb49-4c02-a493-daf667a6c350 port:35911, addresses:[localhost/127.0.0.1]]
2026-09-09T13:47:00.704+0000 [DEBUG] [org.gradle.cache.internal.DefaultFileLockManager] Waiting to acquire exclusive lock on daemon addresses registry.
2026-09-09T13:47:00.707+0000 [DEBUG] [org.gradle.cache.internal.DefaultFileLockManager] Lock acquired on daemon addresses registry.
2026-09-09T13:47:00.710+0000 [DEBUG] [org.gradle.cache.internal.DefaultFileLockManager] Releasing lock on daemon addresses registry.
2026-09-09T13:47:00.712+0000 [DEBUG] [org.gradle.launcher.daemon.server.DaemonRegistryUpdater] Address removed from registry.
2026-09-09T13:47:00.780+0000 [DEBUG] [org.gradle.launcher.daemon.server.DefaultIncomingConnectionHandler] Finishing executing command: Build{id=e6a6dcb4-57bd-4364-9523-97eb40eeea26, currentDir=/data/data/com.termux/files/home/android}
2026-09-09T13:47:01.176+0000 [DEBUG] [org.gradle.launcher.daemon.server.SynchronizedDispatchConnection] thread 20: received class org.gradle.launcher.daemon.protocol.CloseInput
2026-09-09T13:47:01.177+0000 [DEBUG] [org.gradle.launcher.daemon.server.DefaultDaemonConnection] thread 20: Received IO message from client: org.gradle.launcher.daemon.protocol.CloseInput@82d0b7
2026-09-09T13:47:01.179+0000 [DEBUG] [org.gradle.launcher.daemon.server.SynchronizedDispatchConnection] thread 20: received class org.gradle.launcher.daemon.protocol.Finished
2026-09-09T13:47:01.180+0000 [DEBUG] [org.gradle.launcher.daemon.server.DefaultDaemonConnection] thread 20: Received non-IO message from client: org.gradle.launcher.daemon.protocol.Finished@13a8010
2026-09-09T13:47:01.183+0000 [DEBUG] [org.gradle.launcher.daemon.server.DefaultIncomingConnectionHandler] Received finished message: org.gradle.launcher.daemon.protocol.Finished@13a8010
2026-09-09T13:47:01.184+0000 [DEBUG] [org.gradle.launcher.daemon.server.SynchronizedDispatchConnection] thread 19: stopping connection
2026-09-09T13:47:01.190+0000 [DEBUG] [org.gradle.internal.remote.internal.inet.SocketConnection] Discarding EOFException: java.io.EOFException
2026-09-09T13:47:01.192+0000 [DEBUG] [org.gradle.launcher.daemon.server.SynchronizedDispatchConnection] thread 20: received null
2026-09-09T13:47:01.193+0000 [DEBUG] [org.gradle.launcher.daemon.server.DefaultDaemonConnection] thread 20: Received end-of-input from client.
2026-09-09T13:47:01.194+0000 [DEBUG] [org.gradle.launcher.daemon.server.SynchronizedDispatchConnection] thread 19: stopping connection
2026-09-09T13:47:01.199+0000 [DEBUG] [org.gradle.cache.internal.LockOnDemandCrossProcessCacheAccess] Releasing file lock for jars (/data/data/com.termux/files/home/.gradle/caches/jars-9)
2026-09-09T13:47:01.202+0000 [DEBUG] [org.gradle.cache.internal.DefaultFileLockManager] Releasing lock on jars (/data/data/com.termux/files/home/.gradle/caches/jars-9).
2026-09-09T13:47:01.206+0000 [DEBUG] [org.gradle.cache.internal.DefaultPersistentDirectoryStore] jars (/data/data/com.termux/files/home/.gradle/caches/jars-9) has last been fully cleaned up 21 hours ago
2026-09-09T13:47:01.208+0000 [DEBUG] [org.gradle.cache.internal.LockOnDemandCrossProcessCacheAccess] Releasing file lock for Artifact transforms cache (/data/data/com.termux/files/home/.gradle/caches/transforms-3)
2026-09-09T13:47:01.209+0000 [DEBUG] [org.gradle.cache.internal.DefaultFileLockManager] Releasing lock on Artifact transforms cache (/data/data/com.termux/files/home/.gradle/caches/transforms-3).
2026-09-09T13:47:01.213+0000 [DEBUG] [org.gradle.cache.internal.DefaultPersistentDirectoryStore] Artifact transforms cache (/data/data/com.termux/files/home/.gradle/caches/transforms-3) has last been fully cleaned up 0 hours ago
2026-09-09T13:47:01.362+0000 [DEBUG] [org.gradle.cache.internal.LockOnDemandCrossProcessCacheAccess] Releasing file lock for file content cache (/data/data/com.termux/files/home/.gradle/caches/7.5/fileContent)
2026-09-09T13:47:01.363+0000 [DEBUG] [org.gradle.cache.internal.DefaultFileLockManager] Releasing lock on file content cache (/data/data/com.termux/files/home/.gradle/caches/7.5/fileContent).
2026-09-09T13:47:01.367+0000 [DEBUG] [org.gradle.cache.internal.DefaultCacheAccess] Cache Generated Gradle JARs cache (/data/data/com.termux/files/home/.gradle/caches/7.5/generated-gradle-jars) was closed 0 times.
2026-09-09T13:47:01.368+0000 [DEBUG] [org.gradle.cache.internal.LockOnDemandCrossProcessCacheAccess] Releasing file lock for artifact cache (/data/data/com.termux/files/home/.gradle/caches/modules-2)
2026-09-09T13:47:01.370+0000 [DEBUG] [org.gradle.cache.internal.btree.BTreePersistentIndexedCache] Closing cache module-metadata.bin (/data/data/com.termux/files/home/.gradle/caches/modules-2/metadata-2.99/module-metadata.bin)
2026-09-09T13:47:01.371+0000 [DEBUG] [org.gradle.cache.internal.btree.BTreePersistentIndexedCache] Closing cache resource-at-url.bin (/data/data/com.termux/files/home/.gradle/caches/modules-2/metadata-2.99/resource-at-url.bin)
2026-09-09T13:47:01.372+0000 [DEBUG] [org.gradle.cache.internal.btree.BTreePersistentIndexedCache] Closing cache module-artifact.bin (/data/data/com.termux/files/home/.gradle/caches/modules-2/metadata-2.99/module-artifact.bin)
2026-09-09T13:47:01.374+0000 [DEBUG] [org.gradle.cache.internal.DefaultFileLockManager] Releasing lock on artifact cache (/data/data/com.termux/files/home/.gradle/caches/modules-2).
2026-09-09T13:47:01.377+0000 [DEBUG] [org.gradle.cache.internal.DefaultPersistentDirectoryStore] artifact cache (/data/data/com.termux/files/home/.gradle/caches/modules-2) has last been fully cleaned up 21 hours ago
2026-09-09T13:47:01.379+0000 [DEBUG] [org.gradle.cache.internal.LockOnDemandCrossProcessCacheAccess] Releasing file lock for journal cache (/data/data/com.termux/files/home/.gradle/caches/journal-1)
2026-09-09T13:47:01.380+0000 [DEBUG] [org.gradle.cache.internal.btree.BTreePersistentIndexedCache] Closing cache file-access.bin (/data/data/com.termux/files/home/.gradle/caches/journal-1/file-access.bin)
2026-09-09T13:47:01.381+0000 [DEBUG] [org.gradle.cache.internal.DefaultFileLockManager] Releasing lock on journal cache (/data/data/com.termux/files/home/.gradle/caches/journal-1).
2026-09-09T13:47:01.384+0000 [DEBUG] [org.gradle.cache.internal.LockOnDemandCrossProcessCacheAccess] Releasing file lock for file hash cache (/data/data/com.termux/files/home/.gradle/caches/7.5/fileHashes)
2026-09-09T13:47:01.385+0000 [DEBUG] [org.gradle.cache.internal.btree.BTreePersistentIndexedCache] Closing cache fileHashes.bin (/data/data/com.termux/files/home/.gradle/caches/7.5/fileHashes/fileHashes.bin)
2026-09-09T13:47:01.386+0000 [DEBUG] [org.gradle.cache.internal.btree.BTreePersistentIndexedCache] Closing cache resourceHashesCache.bin (/data/data/com.termux/files/home/.gradle/caches/7.5/fileHashes/resourceHashesCache.bin)
2026-09-09T13:47:01.388+0000 [DEBUG] [org.gradle.cache.internal.DefaultFileLockManager] Releasing lock on file hash cache (/data/data/com.termux/files/home/.gradle/caches/7.5/fileHashes).
2026-09-09T13:47:01.390+0000 [DEBUG] [org.gradle.cache.internal.LockOnDemandCrossProcessCacheAccess] Releasing file lock for execution history cache (/data/data/com.termux/files/home/.gradle/caches/7.5/executionHistory)
2026-09-09T13:47:01.391+0000 [DEBUG] [org.gradle.cache.internal.btree.BTreePersistentIndexedCache] Closing cache executionHistory.bin (/data/data/com.termux/files/home/.gradle/caches/7.5/executionHistory/executionHistory.bin)
2026-09-09T13:47:01.393+0000 [DEBUG] [org.gradle.cache.internal.DefaultFileLockManager] Releasing lock on execution history cache (/data/data/com.termux/files/home/.gradle/caches/7.5/executionHistory).
2026-09-09T13:47:01.395+0000 [DEBUG] [org.gradle.cache.internal.LockOnDemandCrossProcessCacheAccess] Releasing file lock for Java compile cache (/data/data/com.termux/files/home/.gradle/caches/7.5/javaCompile)
2026-09-09T13:47:01.396+0000 [DEBUG] [org.gradle.cache.internal.btree.BTreePersistentIndexedCache] Closing cache jarAnalysis.bin (/data/data/com.termux/files/home/.gradle/caches/7.5/javaCompile/jarAnalysis.bin)
2026-09-09T13:47:01.397+0000 [DEBUG] [org.gradle.cache.internal.btree.BTreePersistentIndexedCache] Closing cache classAnalysis.bin (/data/data/com.termux/files/home/.gradle/caches/7.5/javaCompile/classAnalysis.bin)
2026-09-09T13:47:01.399+0000 [DEBUG] [org.gradle.cache.internal.DefaultFileLockManager] Releasing lock on Java compile cache (/data/data/com.termux/files/home/.gradle/caches/7.5/javaCompile).
2026-09-09T13:47:01.407+0000 [DEBUG] [org.gradle.launcher.daemon.registry.PersistentDaemonRegistry] Removing daemon address: [e581317a-eb49-4c02-a493-daf667a6c350 port:35911, addresses:[localhost/127.0.0.1]]
Daemon vm is shutting down... The daemon has exited normally or was terminated in response to a user interrupt.
2026-09-09T13:47:01.409+0000 [DEBUG] [org.gradle.cache.internal.DefaultFileLockManager] Waiting to acquire exclusive lock on daemon addresses registry.
2026-09-09T13:47:01.411+0000 [DEBUG] [org.gradle.cache.internal.DefaultFileLockManager] Lock acquired on daemon addresses registry.
2026-09-09T13:47:01.413+0000 [DEBUG] [org.gradle.cache.internal.DefaultFileLockManager] Releasing lock on daemon addresses registry.
