2026-09-09T13:34:57.516+0000 [DEBUG] [org.gradle.launcher.daemon.bootstrap.DaemonMain] Assuming the daemon was started with following jvm opts: [--add-opens, java.base/java.util=ALL-UNNAMED, --add-opens, java.base/java.lang=ALL-UNNAMED, --add-opens, java.base/java.lang.invoke=ALL-UNNAMED, --add-opens, java.base/java.util=ALL-UNNAMED, --add-opens, java.prefs/java.util.prefs=ALL-UNNAMED, --add-opens, java.prefs/java.util.prefs=ALL-UNNAMED, --add-opens, java.base/java.nio.charset=ALL-UNNAMED, --add-opens, java.base/java.net=ALL-UNNAMED, --add-opens, java.base/java.util.concurrent.atomic=ALL-UNNAMED, -Xmx512m, -Dfile.encoding=UTF-8, -Duser.country, -Duser.language=en, -Duser.variant]
2026-09-09T13:34:59.986+0000 [DEBUG] [org.gradle.internal.nativeintegration.filesystem.services.FileSystemServices] Native-platform file system integration is not available. Continuing with fallback.
2026-09-09T13:35:00.255+0000 [DEBUG] [org.gradle.internal.nativeintegration.filesystem.services.FileSystemServices] Using Jdk7Symlink implementation as symlink.
2026-09-09T13:35:00.337+0000 [INFO] [org.gradle.launcher.daemon.server.Daemon] start() called on daemon - DefaultDaemonContext[uid=bb8c2d81-9efa-4b02-82d1-e92bf2c667b8,javaHome=/data/data/com.termux/files/usr/lib/jvm/java-17-openjdk,daemonRegistryDir=/data/data/com.termux/files/home/.gradle/daemon,pid=12752,idleTimeout=120000,priority=NORMAL,daemonOpts=--add-opens,java.base/java.util=ALL-UNNAMED,--add-opens,java.base/java.lang=ALL-UNNAMED,--add-opens,java.base/java.lang.invoke=ALL-UNNAMED,--add-opens,java.base/java.util=ALL-UNNAMED,--add-opens,java.prefs/java.util.prefs=ALL-UNNAMED,--add-opens,java.prefs/java.util.prefs=ALL-UNNAMED,--add-opens,java.base/java.nio.charset=ALL-UNNAMED,--add-opens,java.base/java.net=ALL-UNNAMED,--add-opens,java.base/java.util.concurrent.atomic=ALL-UNNAMED,-Xmx512m,-Dfile.encoding=UTF-8,-Duser.country,-Duser.language=en,-Duser.variant]
2026-09-09T13:35:00.530+0000 [DEBUG] [org.gradle.internal.remote.internal.inet.InetAddresses] Adding IP addresses for network interface ccmni2
2026-09-09T13:35:00.535+0000 [DEBUG] [org.gradle.internal.remote.internal.inet.InetAddresses] Is this a loopback interface? false
2026-09-09T13:35:00.538+0000 [DEBUG] [org.gradle.internal.remote.internal.inet.InetAddresses] Adding remote address /100.92.239.59
2026-09-09T13:35:00.543+0000 [DEBUG] [org.gradle.internal.remote.internal.inet.InetAddresses] Adding IP addresses for network interface ccmni0
2026-09-09T13:35:00.546+0000 [DEBUG] [org.gradle.internal.remote.internal.inet.InetAddresses] Is this a loopback interface? false
2026-09-09T13:35:00.549+0000 [DEBUG] [org.gradle.internal.remote.internal.inet.InetAddresses] Adding remote address /100.91.17.102
2026-09-09T13:35:00.552+0000 [DEBUG] [org.gradle.internal.remote.internal.inet.InetAddresses] Adding IP addresses for network interface lo
2026-09-09T13:35:00.555+0000 [DEBUG] [org.gradle.internal.remote.internal.inet.InetAddresses] Is this a loopback interface? true
2026-09-09T13:35:00.557+0000 [DEBUG] [org.gradle.internal.remote.internal.inet.InetAddresses] Adding loopback address /127.0.0.1
2026-09-09T13:35:00.582+0000 [DEBUG] [org.gradle.internal.remote.internal.inet.TcpIncomingConnector] Listening on [6a233a44-06bf-4cff-9193-1035171fa041 port:43965, addresses:[localhost/127.0.0.1]].
2026-09-09T13:35:00.726+0000 [DEBUG] [org.gradle.launcher.daemon.server.Daemon] Daemon starting at: Wed Sep 09 13:35:00 GMT 2026, with address: [6a233a44-06bf-4cff-9193-1035171fa041 port:43965, addresses:[localhost/127.0.0.1]]
2026-09-09T13:35:00.728+0000 [INFO] [org.gradle.launcher.daemon.server.DaemonRegistryUpdater] Advertising the daemon address to the clients: [6a233a44-06bf-4cff-9193-1035171fa041 port:43965, addresses:[localhost/127.0.0.1]]
2026-09-09T13:35:00.761+0000 [DEBUG] [org.gradle.launcher.daemon.server.DaemonRegistryUpdater] Advertised daemon context: DefaultDaemonContext[uid=bb8c2d81-9efa-4b02-82d1-e92bf2c667b8,javaHome=/data/data/com.termux/files/usr/lib/jvm/java-17-openjdk,daemonRegistryDir=/data/data/com.termux/files/home/.gradle/daemon,pid=12752,idleTimeout=120000,priority=NORMAL,daemonOpts=--add-opens,java.base/java.util=ALL-UNNAMED,--add-opens,java.base/java.lang=ALL-UNNAMED,--add-opens,java.base/java.lang.invoke=ALL-UNNAMED,--add-opens,java.base/java.util=ALL-UNNAMED,--add-opens,java.prefs/java.util.prefs=ALL-UNNAMED,--add-opens,java.prefs/java.util.prefs=ALL-UNNAMED,--add-opens,java.base/java.nio.charset=ALL-UNNAMED,--add-opens,java.base/java.net=ALL-UNNAMED,--add-opens,java.base/java.util.concurrent.atomic=ALL-UNNAMED,-Xmx512m,-Dfile.encoding=UTF-8,-Duser.country,-Duser.language=en,-Duser.variant]
2026-09-09T13:35:00.775+0000 [DEBUG] [org.gradle.launcher.daemon.registry.PersistentDaemonRegistry] Storing daemon address: [6a233a44-06bf-4cff-9193-1035171fa041 port:43965, addresses:[localhost/127.0.0.1]], context: DefaultDaemonContext[uid=bb8c2d81-9efa-4b02-82d1-e92bf2c667b8,javaHome=/data/data/com.termux/files/usr/lib/jvm/java-17-openjdk,daemonRegistryDir=/data/data/com.termux/files/home/.gradle/daemon,pid=12752,idleTimeout=120000,priority=NORMAL,daemonOpts=--add-opens,java.base/java.util=ALL-UNNAMED,--add-opens,java.base/java.lang=ALL-UNNAMED,--add-opens,java.base/java.lang.invoke=ALL-UNNAMED,--add-opens,java.base/java.util=ALL-UNNAMED,--add-opens,java.prefs/java.util.prefs=ALL-UNNAMED,--add-opens,java.prefs/java.util.prefs=ALL-UNNAMED,--add-opens,java.base/java.nio.charset=ALL-UNNAMED,--add-opens,java.base/java.net=ALL-UNNAMED,--add-opens,java.base/java.util.concurrent.atomic=ALL-UNNAMED,-Xmx512m,-Dfile.encoding=UTF-8,-Duser.country,-Duser.language=en,-Duser.variant]
2026-09-09T13:35:00.907+0000 [DEBUG] [org.gradle.cache.internal.DefaultFileLockManager] Waiting to acquire exclusive lock on daemon addresses registry.
2026-09-09T13:35:00.977+0000 [DEBUG] [org.gradle.cache.internal.DefaultFileLockManager] Lock acquired on daemon addresses registry.
2026-09-09T13:35:01.057+0000 [DEBUG] [org.gradle.cache.internal.DefaultFileLockManager] Releasing lock on daemon addresses registry.
2026-09-09T13:35:01.061+0000 [LIFECYCLE] [org.gradle.launcher.daemon.server.Daemon] Daemon server started.
2026-09-09T13:35:01.139+0000 [DEBUG] [org.gradle.launcher.daemon.bootstrap.DaemonStartupCommunication] Completed writing the daemon greeting. Closing streams...
2026-09-09T13:35:01.202+0000 [DEBUG] [org.gradle.launcher.daemon.server.Daemon] stopOnExpiration() called on daemon
2026-09-09T13:35:01.226+0000 [DEBUG] [org.gradle.launcher.daemon.server.Daemon] awaitExpiration() called on daemon
2026-09-09T13:35:01.244+0000 [DEBUG] [org.gradle.launcher.daemon.server.DaemonStateCoordinator] daemon is running. Sleeping until state changes.
2026-09-09T13:35:01.658+0000 [DEBUG] [org.gradle.internal.remote.internal.inet.TcpIncomingConnector] Accepted connection from /127.0.0.1:56302 to /127.0.0.1:43965.
2026-09-09T13:35:02.365+0000 [DEBUG] [org.gradle.launcher.daemon.server.SynchronizedDispatchConnection] thread 20: received class org.gradle.launcher.daemon.protocol.Build
2026-09-09T13:35:02.384+0000 [DEBUG] [org.gradle.launcher.daemon.server.DefaultDaemonConnection] thread 20: Received non-IO message from client: Build{id=ea74eb31-5892-45d5-95cb-2e99e5f54d0d, currentDir=/data/data/com.termux/files/home/android}
2026-09-09T13:35:02.388+0000 [INFO] [org.gradle.launcher.daemon.server.DefaultIncomingConnectionHandler] Received command: Build{id=ea74eb31-5892-45d5-95cb-2e99e5f54d0d, currentDir=/data/data/com.termux/files/home/android}.
2026-09-09T13:35:02.390+0000 [DEBUG] [org.gradle.launcher.daemon.server.DefaultIncomingConnectionHandler] Starting executing command: Build{id=ea74eb31-5892-45d5-95cb-2e99e5f54d0d, currentDir=/data/data/com.termux/files/home/android} with connection: socket connection from /127.0.0.1:43965 to /127.0.0.1:56302.
2026-09-09T13:35:02.472+0000 [DEBUG] [org.gradle.launcher.daemon.server.DaemonStateCoordinator] Command execution: started DaemonCommandExecution[command = Build{id=ea74eb31-5892-45d5-95cb-2e99e5f54d0d, currentDir=/data/data/com.termux/files/home/android}, connection = DefaultDaemonConnection: socket connection from /127.0.0.1:43965 to /127.0.0.1:56302] after 0.0 minutes of idle
2026-09-09T13:35:02.478+0000 [INFO] [org.gradle.launcher.daemon.server.DaemonRegistryUpdater] Marking the daemon as busy, address: [6a233a44-06bf-4cff-9193-1035171fa041 port:43965, addresses:[localhost/127.0.0.1]]
2026-09-09T13:35:02.480+0000 [DEBUG] [org.gradle.launcher.daemon.registry.PersistentDaemonRegistry] Marking busy by address: [6a233a44-06bf-4cff-9193-1035171fa041 port:43965, addresses:[localhost/127.0.0.1]]
2026-09-09T13:35:02.489+0000 [DEBUG] [org.gradle.cache.internal.DefaultFileLockManager] Waiting to acquire exclusive lock on daemon addresses registry.
2026-09-09T13:35:02.493+0000 [DEBUG] [org.gradle.cache.internal.DefaultFileLockManager] Lock acquired on daemon addresses registry.
2026-09-09T13:35:02.500+0000 [DEBUG] [org.gradle.cache.internal.DefaultFileLockManager] Releasing lock on daemon addresses registry.
2026-09-09T13:35:02.502+0000 [DEBUG] [org.gradle.launcher.daemon.server.DaemonStateCoordinator] resetting idle timer
2026-09-09T13:35:02.511+0000 [DEBUG] [org.gradle.launcher.daemon.server.DaemonStateCoordinator] daemon is running. Sleeping until state changes.
2026-09-09T13:35:02.523+0000 [INFO] [org.gradle.launcher.daemon.server.exec.StartBuildOrRespondWithBusy] Daemon is about to start building Build{id=ea74eb31-5892-45d5-95cb-2e99e5f54d0d, currentDir=/data/data/com.termux/files/home/android}. Dispatching build started information...
2026-09-09T13:35:02.529+0000 [DEBUG] [org.gradle.launcher.daemon.server.SynchronizedDispatchConnection] thread 22: dispatching org.gradle.launcher.daemon.protocol.BuildStarted@1c54239
2026-09-09T13:35:02.578+0000 [DEBUG] [org.gradle.launcher.daemon.server.exec.EstablishBuildEnvironment] Configuring env variables: [PATH, ANDROID_I18N_ROOT, HISTCONTROL, TERMUX_APP__SE_FILE_CONTEXT, JAVA_HOME, TERMUX_VERSION, TERM, EXTERNAL_STORAGE, LANG, TERMUX_APP__DATA_DIR, ANDROID_HOME, TERMUX_APK_RELEASE, TERMUX_APP__LEGACY_DATA_DIR, ANDROID__BUILD_VERSION_SDK, TERMUX__PREFIX, COLORTERM, ANDROID_ART_ROOT, ANDROID_ROOT, TERMUX__SE_PROCESS_CONTEXT, PWD, BOOTCLASSPATH, _, TERMUX_APP__SE_INFO, TERMUX_MAIN_PACKAGE_FORMAT, SHELL, ANDROID_DATA, TERMUX__HOME, ANDROID_TZDATA_ROOT, OLDPWD, TMPDIR, TERMUX_APP_PID, TERMUX_IS_DEBUGGABLE_BUILD, PREFIX, DEX2OATBOOTCLASSPATH, LD_PRELOAD, TERMUX__ROOTFS_DIR, HOME, SHLVL]
2026-09-09T13:35:02.594+0000 [WARN] [org.gradle.launcher.daemon.server.exec.EstablishBuildEnvironment] Warning: Unable able to set daemon's environment variables to match the client because: 
  There is no native integration with this operating environment.
  If the daemon was started with a significantly different environment from the client, and your build 
  relies on environment variables, you may experience unexpected behavior.
2026-09-09T13:35:02.619+0000 [DEBUG] [org.gradle.launcher.daemon.server.exec.LogToClient] About to start relaying all logs to the client via the connection.
2026-09-09T13:35:02.624+0000 [INFO] [org.gradle.launcher.daemon.server.exec.LogToClient] The client will now receive all logging from the daemon (pid: 12752). The daemon log file: /data/data/com.termux/files/home/.gradle/daemon/7.5/daemon-12752.out.log
2026-09-09T13:35:02.660+0000 [DEBUG] [org.gradle.launcher.daemon.server.exec.RequestStopIfSingleUsedDaemon] Requesting daemon stop after processing Build{id=ea74eb31-5892-45d5-95cb-2e99e5f54d0d, currentDir=/data/data/com.termux/files/home/android}
2026-09-09T13:35:02.669+0000 [LIFECYCLE] [org.gradle.launcher.daemon.server.DaemonStateCoordinator] Daemon will be stopped at the end of the build 
2026-09-09T13:35:02.672+0000 [DEBUG] [org.gradle.launcher.daemon.server.DaemonStateCoordinator] Stop as soon as idle requested. The daemon is busy: true
2026-09-09T13:35:02.675+0000 [DEBUG] [org.gradle.launcher.daemon.server.DaemonStateCoordinator] daemon stop has been requested. Sleeping until state changes.
2026-09-09T13:35:02.752+0000 [DEBUG] [org.gradle.launcher.daemon.server.exec.ExecuteBuild] The daemon has started executing the build.
2026-09-09T13:35:02.755+0000 [DEBUG] [org.gradle.launcher.daemon.server.exec.ExecuteBuild] Executing build with daemon context: DefaultDaemonContext[uid=bb8c2d81-9efa-4b02-82d1-e92bf2c667b8,javaHome=/data/data/com.termux/files/usr/lib/jvm/java-17-openjdk,daemonRegistryDir=/data/data/com.termux/files/home/.gradle/daemon,pid=12752,idleTimeout=120000,priority=NORMAL,daemonOpts=--add-opens,java.base/java.util=ALL-UNNAMED,--add-opens,java.base/java.lang=ALL-UNNAMED,--add-opens,java.base/java.lang.invoke=ALL-UNNAMED,--add-opens,java.base/java.util=ALL-UNNAMED,--add-opens,java.prefs/java.util.prefs=ALL-UNNAMED,--add-opens,java.prefs/java.util.prefs=ALL-UNNAMED,--add-opens,java.base/java.nio.charset=ALL-UNNAMED,--add-opens,java.base/java.net=ALL-UNNAMED,--add-opens,java.base/java.util.concurrent.atomic=ALL-UNNAMED,-Xmx512m,-Dfile.encoding=UTF-8,-Duser.country,-Duser.language=en,-Duser.variant]
WARNING:Using flatDir should be avoided because it doesn't support any meta-data formats.
WARNING:Using flatDir should be avoided because it doesn't support any meta-data formats.
Warning: SDK processing. This version only understands SDK XML versions up to 3 but an SDK XML file of version 4 was encountered. This can happen if you use versions of Android Studio and the command-line tools that were released at different times.
WARNING:We recommend using a newer Android Gradle plugin to use compileSdk = 36

This Android Gradle plugin (7.4.2) was tested up to compileSdk = 33

This warning can be suppressed by adding
    android.suppressUnsupportedCompileSdk=36
to this project's gradle.properties

The build will continue, but you are strongly encouraged to update your project to
use a newer Android Gradle Plugin that has been tested with compileSdk = 36
Note: Some input files use unchecked or unsafe operations.
Note: Recompile with -Xlint:unchecked for details.

FAILURE: Build failed with an exception.

* What went wrong:
Execution failed for task ':app:checkDebugDuplicateClasses'.
> A failure occurred while executing com.android.build.gradle.internal.tasks.CheckDuplicatesRunnable
   > Duplicate class kotlin.collections.jdk8.CollectionsJDK8Kt found in modules jetified-kotlin-stdlib-1.8.22 (org.jetbrains.kotlin:kotlin-stdlib:1.8.22) and jetified-kotlin-stdlib-jdk8-1.6.21 (org.jetbrains.kotlin:kotlin-stdlib-jdk8:1.6.21)
     Duplicate class kotlin.internal.jdk7.JDK7PlatformImplementations found in modules jetified-kotlin-stdlib-1.8.22 (org.jetbrains.kotlin:kotlin-stdlib:1.8.22) and jetified-kotlin-stdlib-jdk7-1.6.21 (org.jetbrains.kotlin:kotlin-stdlib-jdk7:1.6.21)
     Duplicate class kotlin.internal.jdk7.JDK7PlatformImplementations$ReflectSdkVersion found in modules jetified-kotlin-stdlib-1.8.22 (org.jetbrains.kotlin:kotlin-stdlib:1.8.22) and jetified-kotlin-stdlib-jdk7-1.6.21 (org.jetbrains.kotlin:kotlin-stdlib-jdk7:1.6.21)
     Duplicate class kotlin.internal.jdk8.JDK8PlatformImplementations found in modules jetified-kotlin-stdlib-1.8.22 (org.jetbrains.kotlin:kotlin-stdlib:1.8.22) and jetified-kotlin-stdlib-jdk8-1.6.21 (org.jetbrains.kotlin:kotlin-stdlib-jdk8:1.6.21)
     Duplicate class kotlin.internal.jdk8.JDK8PlatformImplementations$ReflectSdkVersion found in modules jetified-kotlin-stdlib-1.8.22 (org.jetbrains.kotlin:kotlin-stdlib:1.8.22) and jetified-kotlin-stdlib-jdk8-1.6.21 (org.jetbrains.kotlin:kotlin-stdlib-jdk8:1.6.21)
     Duplicate class kotlin.io.path.ExperimentalPathApi found in modules jetified-kotlin-stdlib-1.8.22 (org.jetbrains.kotlin:kotlin-stdlib:1.8.22) and jetified-kotlin-stdlib-jdk7-1.6.21 (org.jetbrains.kotlin:kotlin-stdlib-jdk7:1.6.21)
     Duplicate class kotlin.io.path.PathRelativizer found in modules jetified-kotlin-stdlib-1.8.22 (org.jetbrains.kotlin:kotlin-stdlib:1.8.22) and jetified-kotlin-stdlib-jdk7-1.6.21 (org.jetbrains.kotlin:kotlin-stdlib-jdk7:1.6.21)
     Duplicate class kotlin.io.path.PathsKt found in modules jetified-kotlin-stdlib-1.8.22 (org.jetbrains.kotlin:kotlin-stdlib:1.8.22) and jetified-kotlin-stdlib-jdk7-1.6.21 (org.jetbrains.kotlin:kotlin-stdlib-jdk7:1.6.21)
     Duplicate class kotlin.io.path.PathsKt__PathReadWriteKt found in modules jetified-kotlin-stdlib-1.8.22 (org.jetbrains.kotlin:kotlin-stdlib:1.8.22) and jetified-kotlin-stdlib-jdk7-1.6.21 (org.jetbrains.kotlin:kotlin-stdlib-jdk7:1.6.21)
     Duplicate class kotlin.io.path.PathsKt__PathUtilsKt found in modules jetified-kotlin-stdlib-1.8.22 (org.jetbrains.kotlin:kotlin-stdlib:1.8.22) and jetified-kotlin-stdlib-jdk7-1.6.21 (org.jetbrains.kotlin:kotlin-stdlib-jdk7:1.6.21)
     Duplicate class kotlin.jdk7.AutoCloseableKt found in modules jetified-kotlin-stdlib-1.8.22 (org.jetbrains.kotlin:kotlin-stdlib:1.8.22) and jetified-kotlin-stdlib-jdk7-1.6.21 (org.jetbrains.kotlin:kotlin-stdlib-jdk7:1.6.21)
     Duplicate class kotlin.jvm.jdk8.JvmRepeatableKt found in modules jetified-kotlin-stdlib-1.8.22 (org.jetbrains.kotlin:kotlin-stdlib:1.8.22) and jetified-kotlin-stdlib-jdk8-1.6.21 (org.jetbrains.kotlin:kotlin-stdlib-jdk8:1.6.21)
     Duplicate class kotlin.random.jdk8.PlatformThreadLocalRandom found in modules jetified-kotlin-stdlib-1.8.22 (org.jetbrains.kotlin:kotlin-stdlib:1.8.22) and jetified-kotlin-stdlib-jdk8-1.6.21 (org.jetbrains.kotlin:kotlin-stdlib-jdk8:1.6.21)
     Duplicate class kotlin.streams.jdk8.StreamsKt found in modules jetified-kotlin-stdlib-1.8.22 (org.jetbrains.kotlin:kotlin-stdlib:1.8.22) and jetified-kotlin-stdlib-jdk8-1.6.21 (org.jetbrains.kotlin:kotlin-stdlib-jdk8:1.6.21)
     Duplicate class kotlin.streams.jdk8.StreamsKt$asSequence$$inlined$Sequence$1 found in modules jetified-kotlin-stdlib-1.8.22 (org.jetbrains.kotlin:kotlin-stdlib:1.8.22) and jetified-kotlin-stdlib-jdk8-1.6.21 (org.jetbrains.kotlin:kotlin-stdlib-jdk8:1.6.21)
     Duplicate class kotlin.streams.jdk8.StreamsKt$asSequence$$inlined$Sequence$2 found in modules jetified-kotlin-stdlib-1.8.22 (org.jetbrains.kotlin:kotlin-stdlib:1.8.22) and jetified-kotlin-stdlib-jdk8-1.6.21 (org.jetbrains.kotlin:kotlin-stdlib-jdk8:1.6.21)
     Duplicate class kotlin.streams.jdk8.StreamsKt$asSequence$$inlined$Sequence$3 found in modules jetified-kotlin-stdlib-1.8.22 (org.jetbrains.kotlin:kotlin-stdlib:1.8.22) and jetified-kotlin-stdlib-jdk8-1.6.21 (org.jetbrains.kotlin:kotlin-stdlib-jdk8:1.6.21)
     Duplicate class kotlin.streams.jdk8.StreamsKt$asSequence$$inlined$Sequence$4 found in modules jetified-kotlin-stdlib-1.8.22 (org.jetbrains.kotlin:kotlin-stdlib:1.8.22) and jetified-kotlin-stdlib-jdk8-1.6.21 (org.jetbrains.kotlin:kotlin-stdlib-jdk8:1.6.21)
     Duplicate class kotlin.text.jdk8.RegexExtensionsJDK8Kt found in modules jetified-kotlin-stdlib-1.8.22 (org.jetbrains.kotlin:kotlin-stdlib:1.8.22) and jetified-kotlin-stdlib-jdk8-1.6.21 (org.jetbrains.kotlin:kotlin-stdlib-jdk8:1.6.21)
     Duplicate class kotlin.time.jdk8.DurationConversionsJDK8Kt found in modules jetified-kotlin-stdlib-1.8.22 (org.jetbrains.kotlin:kotlin-stdlib:1.8.22) and jetified-kotlin-stdlib-jdk8-1.6.21 (org.jetbrains.kotlin:kotlin-stdlib-jdk8:1.6.21)
     
     Go to the documentation to learn how to <a href="d.android.com/r/tools/classpath-sync-errors">Fix dependency resolution errors</a>.

* Try:
> Run with --stacktrace option to get the stack trace.
> Run with --info or --debug option to get more log output.
> Run with --scan to get full insights.

* Get more help at https://help.gradle.org

BUILD FAILED in 4m 14s
52 actionable tasks: 51 executed, 1 up-to-date
2026-09-09T13:38:57.207+0000 [DEBUG] [org.gradle.launcher.daemon.server.exec.ExecuteBuild] The daemon has finished executing the build.
2026-09-09T13:38:57.228+0000 [DEBUG] [org.gradle.launcher.daemon.server.DaemonStateCoordinator] daemon stop has been requested. Sleeping until state changes.
2026-09-09T13:38:57.230+0000 [DEBUG] [org.gradle.launcher.daemon.server.DaemonStateCoordinator] Command execution: finished waiting for DaemonCommandExecution[command = Build{id=ea74eb31-5892-45d5-95cb-2e99e5f54d0d, currentDir=/data/data/com.termux/files/home/android}, connection = DefaultDaemonConnection: socket connection from /127.0.0.1:43965 to /127.0.0.1:56302]. Result org.gradle.launcher.daemon.server.DaemonStateCoordinator@1c846d6 with state StopRequested
2026-09-09T13:38:57.233+0000 [DEBUG] [org.gradle.launcher.daemon.server.DaemonStateCoordinator] Command execution: completed DaemonCommandExecution[command = Build{id=ea74eb31-5892-45d5-95cb-2e99e5f54d0d, currentDir=/data/data/com.termux/files/home/android}, connection = DefaultDaemonConnection: socket connection from /127.0.0.1:43965 to /127.0.0.1:56302]
2026-09-09T13:38:57.234+0000 [DEBUG] [org.gradle.launcher.daemon.server.DaemonStateCoordinator] resetting idle timer
2026-09-09T13:38:57.236+0000 [DEBUG] [org.gradle.launcher.daemon.server.DaemonStateCoordinator] Marking daemon stopped due to command completed and stop requested. The daemon is running a build: false
2026-09-09T13:38:57.237+0000 [DEBUG] [org.gradle.launcher.daemon.server.DaemonStateCoordinator] daemon has stopped.
2026-09-09T13:38:57.238+0000 [DEBUG] [org.gradle.launcher.daemon.server.exec.ReturnResult] Daemon is dispatching the build result: Success[value=org.gradle.launcher.exec.BuildActionResult@1770c56]
2026-09-09T13:38:57.238+0000 [DEBUG] [org.gradle.launcher.daemon.server.Daemon] stop() called on daemon
2026-09-09T13:38:57.239+0000 [DEBUG] [org.gradle.launcher.daemon.server.SynchronizedDispatchConnection] thread 19: dispatching Success[value=org.gradle.launcher.exec.BuildActionResult@1770c56]
2026-09-09T13:38:57.240+0000 [INFO] [org.gradle.launcher.daemon.server.Daemon] Stop requested. Daemon is removing its presence from the registry...
2026-09-09T13:38:57.243+0000 [DEBUG] [org.gradle.launcher.daemon.server.DaemonRegistryUpdater] Removing our presence to clients, eg. removing this address from the registry: [6a233a44-06bf-4cff-9193-1035171fa041 port:43965, addresses:[localhost/127.0.0.1]]
2026-09-09T13:38:57.244+0000 [DEBUG] [org.gradle.launcher.daemon.registry.PersistentDaemonRegistry] Removing daemon address: [6a233a44-06bf-4cff-9193-1035171fa041 port:43965, addresses:[localhost/127.0.0.1]]
2026-09-09T13:38:57.249+0000 [DEBUG] [org.gradle.cache.internal.DefaultFileLockManager] Waiting to acquire exclusive lock on daemon addresses registry.
2026-09-09T13:38:57.252+0000 [DEBUG] [org.gradle.cache.internal.DefaultFileLockManager] Lock acquired on daemon addresses registry.
2026-09-09T13:38:57.255+0000 [DEBUG] [org.gradle.cache.internal.DefaultFileLockManager] Releasing lock on daemon addresses registry.
2026-09-09T13:38:57.257+0000 [DEBUG] [org.gradle.launcher.daemon.server.DaemonRegistryUpdater] Address removed from registry.
2026-09-09T13:38:57.328+0000 [DEBUG] [org.gradle.launcher.daemon.server.DefaultIncomingConnectionHandler] Finishing executing command: Build{id=ea74eb31-5892-45d5-95cb-2e99e5f54d0d, currentDir=/data/data/com.termux/files/home/android}
2026-09-09T13:38:57.713+0000 [DEBUG] [org.gradle.launcher.daemon.server.SynchronizedDispatchConnection] thread 20: received class org.gradle.launcher.daemon.protocol.CloseInput
2026-09-09T13:38:57.715+0000 [DEBUG] [org.gradle.launcher.daemon.server.DefaultDaemonConnection] thread 20: Received IO message from client: org.gradle.launcher.daemon.protocol.CloseInput@82d0b7
2026-09-09T13:38:57.717+0000 [DEBUG] [org.gradle.launcher.daemon.server.SynchronizedDispatchConnection] thread 20: received class org.gradle.launcher.daemon.protocol.Finished
2026-09-09T13:38:57.718+0000 [DEBUG] [org.gradle.launcher.daemon.server.DefaultDaemonConnection] thread 20: Received non-IO message from client: org.gradle.launcher.daemon.protocol.Finished@13a8010
2026-09-09T13:38:57.720+0000 [DEBUG] [org.gradle.launcher.daemon.server.DefaultIncomingConnectionHandler] Received finished message: org.gradle.launcher.daemon.protocol.Finished@13a8010
2026-09-09T13:38:57.722+0000 [DEBUG] [org.gradle.launcher.daemon.server.SynchronizedDispatchConnection] thread 19: stopping connection
2026-09-09T13:38:57.730+0000 [DEBUG] [org.gradle.internal.remote.internal.inet.SocketConnection] Discarding EOFException: java.io.EOFException
2026-09-09T13:38:57.732+0000 [DEBUG] [org.gradle.launcher.daemon.server.SynchronizedDispatchConnection] thread 20: received null
2026-09-09T13:38:57.733+0000 [DEBUG] [org.gradle.launcher.daemon.server.DefaultDaemonConnection] thread 20: Received end-of-input from client.
2026-09-09T13:38:57.736+0000 [DEBUG] [org.gradle.launcher.daemon.server.SynchronizedDispatchConnection] thread 19: stopping connection
2026-09-09T13:38:57.741+0000 [DEBUG] [org.gradle.cache.internal.LockOnDemandCrossProcessCacheAccess] Releasing file lock for jars (/data/data/com.termux/files/home/.gradle/caches/jars-9)
2026-09-09T13:38:57.742+0000 [DEBUG] [org.gradle.cache.internal.DefaultFileLockManager] Releasing lock on jars (/data/data/com.termux/files/home/.gradle/caches/jars-9).
2026-09-09T13:38:57.747+0000 [DEBUG] [org.gradle.cache.internal.DefaultPersistentDirectoryStore] jars (/data/data/com.termux/files/home/.gradle/caches/jars-9) has last been fully cleaned up 21 hours ago
2026-09-09T13:38:57.749+0000 [DEBUG] [org.gradle.cache.internal.LockOnDemandCrossProcessCacheAccess] Releasing file lock for Artifact transforms cache (/data/data/com.termux/files/home/.gradle/caches/transforms-3)
2026-09-09T13:38:57.750+0000 [DEBUG] [org.gradle.cache.internal.DefaultFileLockManager] Releasing lock on Artifact transforms cache (/data/data/com.termux/files/home/.gradle/caches/transforms-3).
2026-09-09T13:38:57.964+0000 [DEBUG] [org.gradle.cache.internal.LockOnDemandCrossProcessCacheAccess] Releasing file lock for file content cache (/data/data/com.termux/files/home/.gradle/caches/7.5/fileContent)
2026-09-09T13:38:57.965+0000 [DEBUG] [org.gradle.cache.internal.DefaultFileLockManager] Releasing lock on file content cache (/data/data/com.termux/files/home/.gradle/caches/7.5/fileContent).
2026-09-09T13:38:57.973+0000 [DEBUG] [org.gradle.cache.internal.DefaultCacheAccess] Cache Generated Gradle JARs cache (/data/data/com.termux/files/home/.gradle/caches/7.5/generated-gradle-jars) was closed 0 times.
2026-09-09T13:38:57.974+0000 [DEBUG] [org.gradle.cache.internal.LockOnDemandCrossProcessCacheAccess] Releasing file lock for artifact cache (/data/data/com.termux/files/home/.gradle/caches/modules-2)
2026-09-09T13:38:57.977+0000 [DEBUG] [org.gradle.cache.internal.btree.BTreePersistentIndexedCache] Closing cache module-metadata.bin (/data/data/com.termux/files/home/.gradle/caches/modules-2/metadata-2.99/module-metadata.bin)
2026-09-09T13:38:57.979+0000 [DEBUG] [org.gradle.cache.internal.btree.BTreePersistentIndexedCache] Closing cache module-artifact.bin (/data/data/com.termux/files/home/.gradle/caches/modules-2/metadata-2.99/module-artifact.bin)
2026-09-09T13:38:57.981+0000 [DEBUG] [org.gradle.cache.internal.DefaultFileLockManager] Releasing lock on artifact cache (/data/data/com.termux/files/home/.gradle/caches/modules-2).
2026-09-09T13:38:57.984+0000 [DEBUG] [org.gradle.cache.internal.DefaultPersistentDirectoryStore] artifact cache (/data/data/com.termux/files/home/.gradle/caches/modules-2) has last been fully cleaned up 21 hours ago
2026-09-09T13:38:57.986+0000 [DEBUG] [org.gradle.cache.internal.LockOnDemandCrossProcessCacheAccess] Releasing file lock for journal cache (/data/data/com.termux/files/home/.gradle/caches/journal-1)
2026-09-09T13:38:57.987+0000 [DEBUG] [org.gradle.cache.internal.btree.BTreePersistentIndexedCache] Closing cache file-access.bin (/data/data/com.termux/files/home/.gradle/caches/journal-1/file-access.bin)
2026-09-09T13:38:57.988+0000 [DEBUG] [org.gradle.cache.internal.DefaultFileLockManager] Releasing lock on journal cache (/data/data/com.termux/files/home/.gradle/caches/journal-1).
2026-09-09T13:38:57.991+0000 [DEBUG] [org.gradle.cache.internal.LockOnDemandCrossProcessCacheAccess] Releasing file lock for file hash cache (/data/data/com.termux/files/home/.gradle/caches/7.5/fileHashes)
2026-09-09T13:38:57.992+0000 [DEBUG] [org.gradle.cache.internal.btree.BTreePersistentIndexedCache] Closing cache fileHashes.bin (/data/data/com.termux/files/home/.gradle/caches/7.5/fileHashes/fileHashes.bin)
2026-09-09T13:38:57.993+0000 [DEBUG] [org.gradle.cache.internal.btree.BTreePersistentIndexedCache] Closing cache resourceHashesCache.bin (/data/data/com.termux/files/home/.gradle/caches/7.5/fileHashes/resourceHashesCache.bin)
2026-09-09T13:38:57.995+0000 [DEBUG] [org.gradle.cache.internal.DefaultFileLockManager] Releasing lock on file hash cache (/data/data/com.termux/files/home/.gradle/caches/7.5/fileHashes).
2026-09-09T13:38:58.084+0000 [DEBUG] [org.gradle.cache.internal.LockOnDemandCrossProcessCacheAccess] Releasing file lock for execution history cache (/data/data/com.termux/files/home/.gradle/caches/7.5/executionHistory)
2026-09-09T13:38:58.085+0000 [DEBUG] [org.gradle.cache.internal.btree.BTreePersistentIndexedCache] Closing cache executionHistory.bin (/data/data/com.termux/files/home/.gradle/caches/7.5/executionHistory/executionHistory.bin)
2026-09-09T13:38:58.086+0000 [DEBUG] [org.gradle.cache.internal.DefaultFileLockManager] Releasing lock on execution history cache (/data/data/com.termux/files/home/.gradle/caches/7.5/executionHistory).
2026-09-09T13:38:58.089+0000 [DEBUG] [org.gradle.cache.internal.LockOnDemandCrossProcessCacheAccess] Releasing file lock for Java compile cache (/data/data/com.termux/files/home/.gradle/caches/7.5/javaCompile)
2026-09-09T13:38:58.090+0000 [DEBUG] [org.gradle.cache.internal.btree.BTreePersistentIndexedCache] Closing cache jarAnalysis.bin (/data/data/com.termux/files/home/.gradle/caches/7.5/javaCompile/jarAnalysis.bin)
2026-09-09T13:38:58.092+0000 [DEBUG] [org.gradle.cache.internal.btree.BTreePersistentIndexedCache] Closing cache classAnalysis.bin (/data/data/com.termux/files/home/.gradle/caches/7.5/javaCompile/classAnalysis.bin)
2026-09-09T13:38:58.093+0000 [DEBUG] [org.gradle.cache.internal.DefaultFileLockManager] Releasing lock on Java compile cache (/data/data/com.termux/files/home/.gradle/caches/7.5/javaCompile).
Daemon vm is shutting down... The daemon has exited normally or was terminated in response to a user interrupt.
2026-09-09T13:38:58.103+0000 [DEBUG] [org.gradle.launcher.daemon.registry.PersistentDaemonRegistry] Removing daemon address: [6a233a44-06bf-4cff-9193-1035171fa041 port:43965, addresses:[localhost/127.0.0.1]]
2026-09-09T13:38:58.105+0000 [DEBUG] [org.gradle.cache.internal.DefaultFileLockManager] Waiting to acquire exclusive lock on daemon addresses registry.
2026-09-09T13:38:58.107+0000 [DEBUG] [org.gradle.cache.internal.DefaultFileLockManager] Lock acquired on daemon addresses registry.
2026-09-09T13:38:58.109+0000 [DEBUG] [org.gradle.cache.internal.DefaultFileLockManager] Releasing lock on daemon addresses registry.
